#
# There is insufficient memory for the Java Runtime Environment to continue.
# Native memory allocation (malloc) failed to allocate 298576 bytes. Error detail: Chunk::new
# Possible reasons:
#   The system is out of physical RAM or swap space
#   This process is running with CompressedOops enabled, and the Java Heap may be blocking the growth of the native heap
# Possible solutions:
#   Reduce memory load on the system
#   Increase physical memory or swap space
#   Check if swap backing store is full
#   Decrease Java heap size (-Xmx/-Xms)
#   Decrease number of Java threads
#   Decrease Java thread stack sizes (-Xss)
#   Set larger code cache with -XX:ReservedCodeCacheSize=
#   JVM is running with Unscaled Compressed Oops mode in which the Java heap is
#     placed in the first 4GB address space. The Java Heap base address is the
#     maximum limit for the native heap growth. Please use -XX:HeapBaseMinAddress
#     to set the Java Heap base and to place the Java Heap above 4GB virtual address.
# This output file may be truncated or incomplete.
#
#  Out of Memory Error (arena.cpp:168), pid=19832, tid=17840
#
# JRE version: OpenJDK Runtime Environment Temurin-21.0.10+7 (21.0.10+7) (build 21.0.10+7-LTS)
# Java VM: OpenJDK 64-Bit Server VM Temurin-21.0.10+7 (21.0.10+7-LTS, mixed mode, sharing, tiered, compressed oops, compressed class ptrs, parallel gc, windows-amd64)
# No core dump will be written. Minidumps are not enabled by default on client versions of Windows
#

---------------  S U M M A R Y ------------

Command Line: --add-modules=ALL-SYSTEM --add-opens=java.base/java.util=ALL-UNNAMED --add-opens=java.base/java.lang=ALL-UNNAMED --add-opens=java.base/sun.nio.fs=ALL-UNNAMED -Declipse.application=org.eclipse.jdt.ls.core.id1 -Dosgi.bundles.defaultStartLevel=4 -Declipse.product=org.eclipse.jdt.ls.core.product -Djava.import.generatesMetadataFilesAtProjectRoot=false -DDetectVMInstallationsJob.disabled=true -Dfile.encoding=utf8 -XX:+UseParallelGC -XX:GCTimeRatio=4 -XX:AdaptiveSizePolicyWeight=90 -Dsun.zip.disableMemoryMapping=true -Xmx2G -Xms100m -Xlog:disable -javaagent:c:\Users\12262\.vscode\extensions\redhat.java-1.54.0-win32-x64\lombok\lombok-1.18.39-4050.jar c:\Users\12262\.vscode\extensions\redhat.java-1.54.0-win32-x64\server\plugins\org.eclipse.equinox.launcher_1.7.100.v20251111-0406.jar -configuration c:\Users\12262\AppData\Roaming\Code\User\globalStorage\redhat.java\1.54.0\config_ss_win -data c:\Users\12262\AppData\Roaming\Code\User\workspaceStorage\6e5c0734ebc20c5e448ab4540cd20306\redhat.java\ss_ws --pipe=\\.\pipe\lsp-4301e08c744e5880f39331e8d331ca65-sock

Host: Intel(R) Core(TM) i7-10610U CPU @ 1.80GHz, 8 cores, 7G,  Windows 10 , 64 bit Build 19041 (10.0.19041.5915)
Time: Mon May 25 21:39:07 2026 Eastern Daylight Time elapsed time: 0.970218 seconds (0d 0h 0m 0s)

---------------  T H R E A D  ---------------

Current thread (0x0000025c5cc86b70):  JavaThread "C2 CompilerThread1" daemon [_thread_in_native, id=17840, stack(0x000000d154f00000,0x000000d155000000) (1024K)]


Current CompileTask:
C2:970  657       4       lombok.patcher.scripts.MethodLevelPatchScript::patch (21 bytes)

Stack: [0x000000d154f00000,0x000000d155000000]
Native frames: (J=compiled Java code, j=interpreted, Vv=VM code, C=native code)
V  [jvm.dll+0x6d7a39]
V  [jvm.dll+0x8b4b26]
V  [jvm.dll+0x8b70de]
V  [jvm.dll+0x8b77c3]
V  [jvm.dll+0x284346]
V  [jvm.dll+0xc66ed]
V  [jvm.dll+0xc6c31]
V  [jvm.dll+0x3bec01]
V  [jvm.dll+0x38b162]
V  [jvm.dll+0x38a5aa]
V  [jvm.dll+0x24c560]
V  [jvm.dll+0x24bb40]
V  [jvm.dll+0x1cb34e]
V  [jvm.dll+0x25b85d]
V  [jvm.dll+0x259dea]
V  [jvm.dll+0x3f857e]
V  [jvm.dll+0x85f59d]
V  [jvm.dll+0x6d626d]
C  [ucrtbase.dll+0x21bb2]
C  [KERNEL32.DLL+0x17374]
C  [ntdll.dll+0x4cc91]


---------------  P R O C E S S  ---------------

Threads class SMR info:
_java_thread_list=0x0000025c5cdb0c50, length=12, elements={
0x0000025c4488ac10, 0x0000025c447f2560, 0x0000025c447f3f40, 0x0000025c447f7bb0,
0x0000025c447f9590, 0x0000025c447fa4b0, 0x0000025c447fdf30, 0x0000025c447fed70,
0x0000025c44831c30, 0x0000025c5cc39f90, 0x0000025c5ce20b50, 0x0000025c5cc86b70
}

Java Threads: ( => current thread )
  0x0000025c4488ac10 JavaThread "main"                              [_thread_in_vm, id=19524, stack(0x000000d154100000,0x000000d154200000) (1024K)]
  0x0000025c447f2560 JavaThread "Reference Handler"          daemon [_thread_blocked, id=15104, stack(0x000000d154500000,0x000000d154600000) (1024K)]
  0x0000025c447f3f40 JavaThread "Finalizer"                  daemon [_thread_blocked, id=7084, stack(0x000000d154600000,0x000000d154700000) (1024K)]
  0x0000025c447f7bb0 JavaThread "Signal Dispatcher"          daemon [_thread_blocked, id=15988, stack(0x000000d154700000,0x000000d154800000) (1024K)]
  0x0000025c447f9590 JavaThread "Attach Listener"            daemon [_thread_blocked, id=2952, stack(0x000000d154800000,0x000000d154900000) (1024K)]
  0x0000025c447fa4b0 JavaThread "Service Thread"             daemon [_thread_blocked, id=20576, stack(0x000000d154900000,0x000000d154a00000) (1024K)]
  0x0000025c447fdf30 JavaThread "Monitor Deflation Thread"   daemon [_thread_blocked, id=11344, stack(0x000000d154a00000,0x000000d154b00000) (1024K)]
  0x0000025c447fed70 JavaThread "C2 CompilerThread0"         daemon [_thread_in_native, id=17540, stack(0x000000d154b00000,0x000000d154c00000) (1024K)]
  0x0000025c44831c30 JavaThread "C1 CompilerThread0"         daemon [_thread_in_native, id=19660, stack(0x000000d154c00000,0x000000d154d00000) (1024K)]
  0x0000025c5cc39f90 JavaThread "Common-Cleaner"             daemon [_thread_blocked, id=11496, stack(0x000000d154d00000,0x000000d154e00000) (1024K)]
  0x0000025c5ce20b50 JavaThread "Notification Thread"        daemon [_thread_blocked, id=16648, stack(0x000000d154e00000,0x000000d154f00000) (1024K)]
=>0x0000025c5cc86b70 JavaThread "C2 CompilerThread1"         daemon [_thread_in_native, id=17840, stack(0x000000d154f00000,0x000000d155000000) (1024K)]
Total: 12

Other Threads:
  0x0000025c44942870 VMThread "VM Thread"                           [id=11136, stack(0x000000d154400000,0x000000d154500000) (1024K)]
  0x0000025c448f5d70 WatcherThread "VM Periodic Task Thread"        [id=19304, stack(0x000000d154300000,0x000000d154400000) (1024K)]
  0x0000025c448a7d10 WorkerThread "GC Thread#0"                     [id=13016, stack(0x000000d154200000,0x000000d154300000) (1024K)]
Total: 3

Threads with active compile tasks:
C2 CompilerThread0  1009  658       4       lombok.patcher.PatchScript::classMatches (41 bytes)
C2 CompilerThread1  1009  657       4       lombok.patcher.scripts.MethodLevelPatchScript::patch (21 bytes)
Total: 2

VM state: not at safepoint (normal execution)

VM Mutex/Monitor currently owned by a thread: None

Heap address: 0x0000000080000000, size: 2048 MB, Compressed Oops mode: 32-bit

CDS archive(s) mapped at: [0x0000025c00000000-0x0000025c00ba0000-0x0000025c00ba0000), size 12189696, SharedBaseAddress: 0x0000025c00000000, ArchiveRelocationMode: 1.
Compressed class space mapped at: 0x0000025c01000000-0x0000025c41000000, reserved size: 1073741824
Narrow klass base: 0x0000025c00000000, Narrow klass shift: 0, Narrow klass range: 0x100000000

GC Precious Log:
 CardTable entry size: 512
 CPUs: 8 total, 8 available
 Memory: 7792M
 Large Page Support: Disabled
 NUMA Support: Disabled
 Compressed Oops: Enabled (32-bit)
 Alignments: Space 512K, Generation 512K, Heap 2M
 Heap Min Capacity: 100M
 Heap Initial Capacity: 100M
 Heap Max Capacity: 2G
 Pre-touch: Disabled
 Parallel Workers: 8

Heap:
 PSYoungGen      total 29696K, used 15070K [0x00000000d5580000, 0x00000000d7680000, 0x0000000100000000)
  eden space 25600K, 58% used [0x00000000d5580000,0x00000000d64379c8,0x00000000d6e80000)
  from space 4096K, 0% used [0x00000000d7280000,0x00000000d7280000,0x00000000d7680000)
  to   space 4096K, 0% used [0x00000000d6e80000,0x00000000d6e80000,0x00000000d7280000)
 ParOldGen       total 68608K, used 0K [0x0000000080000000, 0x0000000084300000, 0x00000000d5580000)
  object space 68608K, 0% used [0x0000000080000000,0x0000000080000000,0x0000000084300000)
 Metaspace       used 2857K, committed 3072K, reserved 1114112K
  class space    used 297K, committed 384K, reserved 1048576K

Card table byte_map: [0x0000025c44230000,0x0000025c44640000] _byte_map_base: 0x0000025c43e30000

Marking Bits: (ParMarkBitMap*) 0x00007ffb90293450
 Begin Bits: [0x0000025c56d40000, 0x0000025c58d40000)
 End Bits:   [0x0000025c58d40000, 0x0000025c5ad40000)

Polling page: 0x0000025c42720000

Metaspace:

Usage:
  Non-class:      2.50 MB used.
      Class:    297.08 KB used.
       Both:      2.79 MB used.

Virtual space:
  Non-class space:       64.00 MB reserved,       2.62 MB (  4%) committed,  1 nodes.
      Class space:        1.00 GB reserved,     384.00 KB ( <1%) committed,  1 nodes.
             Both:        1.06 GB reserved,       3.00 MB ( <1%) committed. 

Chunk freelists:
   Non-Class:  11.65 MB
       Class:  15.67 MB
        Both:  27.32 MB

MaxMetaspaceSize: unlimited
CompressedClassSpaceSize: 1.00 GB
Initial GC threshold: 21.00 MB
Current GC threshold: 21.00 MB
CDS: on
 - commit_granule_bytes: 65536.
 - commit_granule_words: 8192.
 - virtual_space_node_default_size: 8388608.
 - enlarge_chunks_in_place: 1.
 - use_allocation_guard: 0.


Internal statistics:

num_allocs_failed_limit: 0.
num_arena_births: 82.
num_arena_deaths: 0.
num_vsnodes_births: 2.
num_vsnodes_deaths: 0.
num_space_committed: 48.
num_space_uncommitted: 0.
num_chunks_returned_to_freelist: 0.
num_chunks_taken_from_freelist: 104.
num_chunk_merges: 0.
num_chunk_splits: 73.
num_chunks_enlarged: 47.
num_inconsistent_stats: 0.

CodeHeap 'non-profiled nmethods': size=120000Kb used=249Kb max_used=249Kb free=119750Kb
 bounds [0x0000025c4f560000, 0x0000025c4f7d0000, 0x0000025c56a90000]
CodeHeap 'profiled nmethods': size=120000Kb used=1093Kb max_used=1093Kb free=118906Kb
 bounds [0x0000025c47a90000, 0x0000025c47d00000, 0x0000025c4efc0000]
CodeHeap 'non-nmethods': size=5760Kb used=1183Kb max_used=1195Kb free=4576Kb
 bounds [0x0000025c4efc0000, 0x0000025c4f230000, 0x0000025c4f560000]
CodeCache: size=245760Kb, used=2525Kb, max_used=2537Kb, free=243232Kb
 total_blobs=1143, nmethods=702, adapters=348, full_count=0
Compilation: enabled, stopped_count=0, restarted_count=0

Compilation events (20 events):
Event: 0.937 Thread 0x0000025c44831c30  662       3       java.lang.String::contains (19 bytes)
Event: 0.937 Thread 0x0000025c44831c30 nmethod 662 0x0000025c47b84d90 code [0x0000025c47b84f60, 0x0000025c47b851d0]
Event: 0.937 Thread 0x0000025c44831c30  663       3       java.util.Objects::checkFromIndexSize (8 bytes)
Event: 0.937 Thread 0x0000025c44831c30 nmethod 663 0x0000025c47b85290 code [0x0000025c47b85440, 0x0000025c47b85648]
Event: 0.937 Thread 0x0000025c44831c30  664  s    3       java.io.ByteArrayOutputStream::write (32 bytes)
Event: 0.937 Thread 0x0000025c44831c30 nmethod 664 0x0000025c47b85790 code [0x0000025c47b85940, 0x0000025c47b85b90]
Event: 0.938 Thread 0x0000025c44831c30  665       3       java.lang.StringLatin1::indexOf (25 bytes)
Event: 0.938 Thread 0x0000025c44831c30 nmethod 665 0x0000025c47b85c90 code [0x0000025c47b85e60, 0x0000025c47b86050]
Event: 0.940 Thread 0x0000025c44831c30  667       3       jdk.internal.util.ArraysSupport::vectorizedHashCode (158 bytes)
Event: 0.940 Thread 0x0000025c44831c30 nmethod 667 0x0000025c47b86110 code [0x0000025c47b86420, 0x0000025c47b87408]
Event: 0.943 Thread 0x0000025c44831c30  668       3       java.lang.invoke.LambdaForm::uncustomize (57 bytes)
Event: 0.943 Thread 0x0000025c44831c30 nmethod 668 0x0000025c47b87790 code [0x0000025c47b87960, 0x0000025c47b87c70]
Event: 0.946 Thread 0x0000025c44831c30  670       3       java.lang.Integer::rotateRight (9 bytes)
Event: 0.946 Thread 0x0000025c44831c30 nmethod 670 0x0000025c47b87d90 code [0x0000025c47b87f20, 0x0000025c47b88020]
Event: 0.946 Thread 0x0000025c44831c30  671       3       sun.invoke.util.Wrapper::forPrimitiveType (122 bytes)
Event: 0.947 Thread 0x0000025c44831c30 nmethod 671 0x0000025c47b88090 code [0x0000025c47b88360, 0x0000025c47b88e40]
Event: 0.966 Thread 0x0000025c44831c30  674       3       jdk.internal.org.objectweb.asm.SymbolTable::hash (15 bytes)
Event: 0.966 Thread 0x0000025c44831c30 nmethod 674 0x0000025c47b89110 code [0x0000025c47b892c0, 0x0000025c47b89440]
Event: 0.966 Thread 0x0000025c44831c30  675       3       jdk.internal.org.objectweb.asm.SymbolTable$Entry::<init> (18 bytes)
Event: 0.966 Thread 0x0000025c44831c30 nmethod 675 0x0000025c47b89590 code [0x0000025c47b89740, 0x0000025c47b898b8]

GC Heap History (0 events):
No events

Dll operation events (8 events):
Event: 0.034 Loaded shared library c:\Users\12262\.vscode\extensions\redhat.java-1.54.0-win32-x64\jre\21.0.10-win32-x86_64\bin\java.dll
Event: 0.267 Loaded shared library c:\Users\12262\.vscode\extensions\redhat.java-1.54.0-win32-x64\jre\21.0.10-win32-x86_64\bin\zip.dll
Event: 0.324 Loaded shared library C:\Users\12262\.vscode\extensions\redhat.java-1.54.0-win32-x64\jre\21.0.10-win32-x86_64\bin\instrument.dll
Event: 0.337 Loaded shared library C:\Users\12262\.vscode\extensions\redhat.java-1.54.0-win32-x64\jre\21.0.10-win32-x86_64\bin\net.dll
Event: 0.342 Loaded shared library C:\Users\12262\.vscode\extensions\redhat.java-1.54.0-win32-x64\jre\21.0.10-win32-x86_64\bin\nio.dll
Event: 0.347 Loaded shared library C:\Users\12262\.vscode\extensions\redhat.java-1.54.0-win32-x64\jre\21.0.10-win32-x86_64\bin\zip.dll
Event: 0.392 Loaded shared library C:\Users\12262\.vscode\extensions\redhat.java-1.54.0-win32-x64\jre\21.0.10-win32-x86_64\bin\jimage.dll
Event: 0.519 Loaded shared library c:\Users\12262\.vscode\extensions\redhat.java-1.54.0-win32-x64\jre\21.0.10-win32-x86_64\bin\verify.dll

Deoptimization events (20 events):
Event: 0.743 Thread 0x0000025c4488ac10 Uncommon trap: trap_request=0xffffffde fr.pc=0x0000025c4f570374 relative=0x00000000000007d4
Event: 0.743 Thread 0x0000025c4488ac10 Uncommon trap: reason=class_check action=maybe_recompile pc=0x0000025c4f570374 method=java.util.HashMap.putVal(ILjava/lang/Object;Ljava/lang/Object;ZZ)Ljava/lang/Object; @ 152 c2
Event: 0.743 Thread 0x0000025c4488ac10 DEOPT PACKING pc=0x0000025c4f570374 sp=0x000000d1541feaf0
Event: 0.743 Thread 0x0000025c4488ac10 DEOPT UNPACKING pc=0x0000025c4f013aa2 sp=0x000000d1541fea50 mode 2
Event: 0.748 Thread 0x0000025c4488ac10 DEOPT PACKING pc=0x0000025c47ac4c18 sp=0x000000d1541fc760
Event: 0.748 Thread 0x0000025c4488ac10 DEOPT UNPACKING pc=0x0000025c4f014242 sp=0x000000d1541fbc20 mode 0
Event: 0.751 Thread 0x0000025c4488ac10 DEOPT PACKING pc=0x0000025c47ac4c18 sp=0x000000d1541fc600
Event: 0.751 Thread 0x0000025c4488ac10 DEOPT UNPACKING pc=0x0000025c4f014242 sp=0x000000d1541fbac0 mode 0
Event: 0.757 Thread 0x0000025c4488ac10 DEOPT PACKING pc=0x0000025c47ac4c18 sp=0x000000d1541fa750
Event: 0.757 Thread 0x0000025c4488ac10 DEOPT UNPACKING pc=0x0000025c4f014242 sp=0x000000d1541f9c10 mode 0
Event: 0.759 Thread 0x0000025c4488ac10 DEOPT PACKING pc=0x0000025c47ac4c18 sp=0x000000d1541fa420
Event: 0.759 Thread 0x0000025c4488ac10 DEOPT UNPACKING pc=0x0000025c4f014242 sp=0x000000d1541f98e0 mode 0
Event: 0.873 Thread 0x0000025c4488ac10 Uncommon trap: trap_request=0xffffff45 fr.pc=0x0000025c4f590204 relative=0x0000000000000164
Event: 0.873 Thread 0x0000025c4488ac10 Uncommon trap: reason=unstable_if action=reinterpret pc=0x0000025c4f590204 method=jdk.internal.util.ArraysSupport.vectorizedHashCode(Ljava/lang/Object;IIII)I @ 2 c2
Event: 0.873 Thread 0x0000025c4488ac10 DEOPT PACKING pc=0x0000025c4f590204 sp=0x000000d1541fcac0
Event: 0.873 Thread 0x0000025c4488ac10 DEOPT UNPACKING pc=0x0000025c4f013aa2 sp=0x000000d1541fca70 mode 2
Event: 0.895 Thread 0x0000025c4488ac10 Uncommon trap: trap_request=0xffffff45 fr.pc=0x0000025c4f580704 relative=0x00000000000000e4
Event: 0.895 Thread 0x0000025c4488ac10 Uncommon trap: reason=unstable_if action=reinterpret pc=0x0000025c4f580704 method=java.net.URI.match(CJJ)Z @ 45 c2
Event: 0.895 Thread 0x0000025c4488ac10 DEOPT PACKING pc=0x0000025c4f580704 sp=0x000000d1541fcc40
Event: 0.895 Thread 0x0000025c4488ac10 DEOPT UNPACKING pc=0x0000025c4f013aa2 sp=0x000000d1541fcba8 mode 2

Classes loaded (20 events):
Event: 0.965 Loading class jdk/internal/jimage/ImageBufferCache$2
Event: 0.965 Loading class jdk/internal/jimage/ImageBufferCache$2 done
Event: 0.965 Loading class java/util/AbstractMap$SimpleEntry
Event: 0.965 Loading class java/util/AbstractMap$SimpleEntry done
Event: 0.966 Loading class jdk/internal/jimage/decompressor/ResourceDecompressor$StringsProvider
Event: 0.966 Loading class jdk/internal/jimage/decompressor/ResourceDecompressor$StringsProvider done
Event: 0.966 Loading class jdk/internal/jimage/decompressor/CompressedResourceHeader
Event: 0.966 Loading class jdk/internal/jimage/decompressor/CompressedResourceHeader done
Event: 0.967 Loading class jdk/internal/jimage/decompressor/ResourceDecompressorRepository
Event: 0.967 Loading class jdk/internal/jimage/decompressor/ResourceDecompressorRepository done
Event: 0.967 Loading class jdk/internal/jimage/decompressor/ZipDecompressorFactory
Event: 0.967 Loading class jdk/internal/jimage/decompressor/ResourceDecompressorFactory
Event: 0.967 Loading class jdk/internal/jimage/decompressor/ResourceDecompressorFactory done
Event: 0.967 Loading class jdk/internal/jimage/decompressor/ZipDecompressorFactory done
Event: 0.967 Loading class jdk/internal/jimage/decompressor/StringSharingDecompressorFactory
Event: 0.967 Loading class jdk/internal/jimage/decompressor/StringSharingDecompressorFactory done
Event: 0.967 Loading class jdk/internal/jimage/decompressor/ZipDecompressor
Event: 0.968 Loading class jdk/internal/jimage/decompressor/ResourceDecompressor
Event: 0.968 Loading class jdk/internal/jimage/decompressor/ResourceDecompressor done
Event: 0.968 Loading class jdk/internal/jimage/decompressor/ZipDecompressor done

Classes unloaded (0 events):
No events

Classes redefined (0 events):
No events

Internal exceptions (12 events):
Event: 0.256 Thread 0x0000025c4488ac10 Exception <a 'java/lang/NoSuchMethodError'{0x00000000d57a8fe8}: 'void java.lang.invoke.DirectMethodHandle$Holder.invokeStatic(java.lang.Object, java.lang.Object, java.lang.Object)'> (0x00000000d57a8fe8) 
thrown [s\src\hotspot\share\interpreter\linkResolver.cpp, line 773]
Event: 0.371 Thread 0x0000025c4488ac10 Exception <a 'java/lang/NoSuchMethodError'{0x00000000d5911608}: 'java.lang.Object java.lang.invoke.Invokers$Holder.invokeExact_MT(java.lang.Object, java.lang.Object, java.lang.Object, java.lang.Object, java.lang.Object)'> (0x00000000d5911608) 
thrown [s\src\hotspot\share\interpreter\linkResolver.cpp, line 773]
Event: 0.447 Thread 0x0000025c4488ac10 Exception <a 'java/lang/NoSuchMethodError'{0x00000000d59ca278}: 'int java.lang.invoke.DirectMethodHandle$Holder.invokeSpecial(java.lang.Object, java.lang.Object, java.lang.Object, int)'> (0x00000000d59ca278) 
thrown [s\src\hotspot\share\interpreter\linkResolver.cpp, line 773]
Event: 0.455 Thread 0x0000025c4488ac10 Exception <a 'java/lang/NoSuchMethodError'{0x00000000d59dcc60}: 'java.lang.Object java.lang.invoke.DirectMethodHandle$Holder.invokeStatic(java.lang.Object, java.lang.Object, java.lang.Object, java.lang.Object, int)'> (0x00000000d59dcc60) 
thrown [s\src\hotspot\share\interpreter\linkResolver.cpp, line 773]
Event: 0.457 Thread 0x0000025c4488ac10 Exception <a 'java/lang/NoSuchMethodError'{0x00000000d59e80a0}: 'void java.lang.invoke.DelegatingMethodHandle$Holder.reinvoke_L(java.lang.Object, java.lang.Object, java.lang.Object, int, java.lang.Object)'> (0x00000000d59e80a0) 
thrown [s\src\hotspot\share\interpreter\linkResolver.cpp, line 773]
Event: 0.465 Thread 0x0000025c4488ac10 Exception <a 'java/lang/NoSuchMethodError'{0x00000000d59f8b98}: 'int java.lang.invoke.DirectMethodHandle$Holder.invokeSpecial(java.lang.Object, java.lang.Object, java.lang.Object)'> (0x00000000d59f8b98) 
thrown [s\src\hotspot\share\interpreter\linkResolver.cpp, line 773]
Event: 0.468 Thread 0x0000025c4488ac10 Exception <a 'java/lang/NoSuchMethodError'{0x00000000d5a04858}: 'java.lang.Object java.lang.invoke.DirectMethodHandle$Holder.invokeStatic(java.lang.Object, java.lang.Object, int)'> (0x00000000d5a04858) 
thrown [s\src\hotspot\share\interpreter\linkResolver.cpp, line 773]
Event: 0.469 Thread 0x0000025c4488ac10 Exception <a 'java/lang/NoSuchMethodError'{0x00000000d5a091a8}: 'void java.lang.invoke.DirectMethodHandle$Holder.invokeStatic(java.lang.Object, java.lang.Object, int, java.lang.Object)'> (0x00000000d5a091a8) 
thrown [s\src\hotspot\share\interpreter\linkResolver.cpp, line 773]
Event: 0.470 Thread 0x0000025c4488ac10 Exception <a 'java/lang/NoSuchMethodError'{0x00000000d5a0cd38}: 'void java.lang.invoke.DirectMethodHandle$Holder.invokeSpecial(java.lang.Object, java.lang.Object, java.lang.Object, int, java.lang.Object)'> (0x00000000d5a0cd38) 
thrown [s\src\hotspot\share\interpreter\linkResolver.cpp, line 773]
Event: 0.470 Thread 0x0000025c4488ac10 Exception <a 'java/lang/NoSuchMethodError'{0x00000000d5a101a8}: 'void java.lang.invoke.DelegatingMethodHandle$Holder.delegate(java.lang.Object, java.lang.Object, int, java.lang.Object)'> (0x00000000d5a101a8) 
thrown [s\src\hotspot\share\interpreter\linkResolver.cpp, line 773]
Event: 0.564 Thread 0x0000025c4488ac10 Exception <a 'java/lang/NoSuchMethodError'{0x00000000d5bd0f48}: 'void java.lang.invoke.DelegatingMethodHandle$Holder.reinvoke_L(java.lang.Object, java.lang.Object, java.lang.Object, int)'> (0x00000000d5bd0f48) 
thrown [s\src\hotspot\share\interpreter\linkResolver.cpp, line 773]
Event: 0.861 Thread 0x0000025c4488ac10 Exception <a 'java/lang/NoSuchMethodError'{0x00000000d60611a0}: 'void java.lang.invoke.DirectMethodHandle$Holder.invokeVirtual(java.lang.Object, java.lang.Object)'> (0x00000000d60611a0) 
thrown [s\src\hotspot\share\interpreter\linkResolver.cpp, line 773]

ZGC Phase Switch (0 events):
No events

VM Operations (4 events):
Event: 0.263 Executing non-safepoint VM operation: HandshakeAllThreads (Deoptimize)
Event: 0.263 Executing non-safepoint VM operation: HandshakeAllThreads (Deoptimize) done
Event: 0.411 Executing non-safepoint VM operation: HandshakeAllThreads (Deoptimize)
Event: 0.411 Executing non-safepoint VM operation: HandshakeAllThreads (Deoptimize) done

Memory protections (0 events):
No events

Nmethod flushes (0 events):
No events

Events (12 events):
Event: 0.119 Thread 0x0000025c4488ac10 Thread added: 0x0000025c4488ac10
Event: 0.189 Thread 0x0000025c4488ac10 Thread added: 0x0000025c447f2560
Event: 0.190 Thread 0x0000025c4488ac10 Thread added: 0x0000025c447f3f40
Event: 0.196 Thread 0x0000025c4488ac10 Thread added: 0x0000025c447f7bb0
Event: 0.196 Thread 0x0000025c4488ac10 Thread added: 0x0000025c447f9590
Event: 0.196 Thread 0x0000025c4488ac10 Thread added: 0x0000025c447fa4b0
Event: 0.196 Thread 0x0000025c4488ac10 Thread added: 0x0000025c447fdf30
Event: 0.197 Thread 0x0000025c4488ac10 Thread added: 0x0000025c447fed70
Event: 0.198 Thread 0x0000025c4488ac10 Thread added: 0x0000025c44831c30
Event: 0.332 Thread 0x0000025c4488ac10 Thread added: 0x0000025c5cc39f90
Event: 0.735 Thread 0x0000025c4488ac10 Thread added: 0x0000025c5ce20b50
Event: 0.917 Thread 0x0000025c44831c30 Thread added: 0x0000025c5cc86b70


Dynamic libraries:
0x00007ff6658f0000 - 0x00007ff6658fe000 	c:\Users\12262\.vscode\extensions\redhat.java-1.54.0-win32-x64\jre\21.0.10-win32-x86_64\bin\java.exe
0x00007ffc2e750000 - 0x00007ffc2e948000 	C:\WINDOWS\SYSTEM32\ntdll.dll
0x00007ffc24ea0000 - 0x00007ffc24ec1000 	C:\Program Files\Avast Software\Avast\aswhook.dll
0x00007ffc2c830000 - 0x00007ffc2c8f2000 	C:\WINDOWS\System32\KERNEL32.DLL
0x00007ffc2bde0000 - 0x00007ffc2c0d6000 	C:\WINDOWS\System32\KERNELBASE.dll
0x00007ffc2c5c0000 - 0x00007ffc2c6c0000 	C:\WINDOWS\System32\ucrtbase.dll
0x00007ffbfd4d0000 - 0x00007ffbfd4ee000 	c:\Users\12262\.vscode\extensions\redhat.java-1.54.0-win32-x64\jre\21.0.10-win32-x86_64\bin\VCRUNTIME140.dll
0x00007ffbfd050000 - 0x00007ffbfd068000 	c:\Users\12262\.vscode\extensions\redhat.java-1.54.0-win32-x64\jre\21.0.10-win32-x86_64\bin\jli.dll
0x00007ffc2ccc0000 - 0x00007ffc2ce61000 	C:\WINDOWS\System32\USER32.dll
0x00007ffc2c2c0000 - 0x00007ffc2c2e2000 	C:\WINDOWS\System32\win32u.dll
0x00007ffc2dc10000 - 0x00007ffc2dc3b000 	C:\WINDOWS\System32\GDI32.dll
0x00007ffc2c0e0000 - 0x00007ffc2c1f9000 	C:\WINDOWS\System32\gdi32full.dll
0x00007ffc1bdd0000 - 0x00007ffc1c06b000 	C:\WINDOWS\WinSxS\amd64_microsoft.windows.common-controls_6595b64144ccf1df_6.0.19041.6456_none_60b8a6cb71f64256\COMCTL32.dll
0x00007ffc2c4d0000 - 0x00007ffc2c56d000 	C:\WINDOWS\System32\msvcp_win.dll
0x00007ffc2cee0000 - 0x00007ffc2cf7e000 	C:\WINDOWS\System32\msvcrt.dll
0x00007ffc2cbc0000 - 0x00007ffc2cbef000 	C:\WINDOWS\System32\IMM32.DLL
0x00007ffc16650000 - 0x00007ffc1665c000 	c:\Users\12262\.vscode\extensions\redhat.java-1.54.0-win32-x64\jre\21.0.10-win32-x86_64\bin\vcruntime140_1.dll
0x00007ffbf0f60000 - 0x00007ffbf0fed000 	c:\Users\12262\.vscode\extensions\redhat.java-1.54.0-win32-x64\jre\21.0.10-win32-x86_64\bin\msvcp140.dll
0x00007ffb8f5d0000 - 0x00007ffb90371000 	c:\Users\12262\.vscode\extensions\redhat.java-1.54.0-win32-x64\jre\21.0.10-win32-x86_64\bin\server\jvm.dll
0x00007ffc2c770000 - 0x00007ffc2c821000 	C:\WINDOWS\System32\ADVAPI32.dll
0x00007ffc2e370000 - 0x00007ffc2e40f000 	C:\WINDOWS\System32\sechost.dll
0x00007ffc2c900000 - 0x00007ffc2ca20000 	C:\WINDOWS\System32\RPCRT4.dll
0x00007ffc2c200000 - 0x00007ffc2c227000 	C:\WINDOWS\System32\bcrypt.dll
0x00007ffc2dba0000 - 0x00007ffc2dc0b000 	C:\WINDOWS\System32\WS2_32.dll
0x00007ffc2bb90000 - 0x00007ffc2bbdb000 	C:\WINDOWS\SYSTEM32\POWRPROF.dll
0x00007ffc24280000 - 0x00007ffc2428a000 	C:\WINDOWS\SYSTEM32\VERSION.dll
0x00007ffc12590000 - 0x00007ffc125b7000 	C:\WINDOWS\SYSTEM32\WINMM.dll
0x00007ffc2bb70000 - 0x00007ffc2bb82000 	C:\WINDOWS\SYSTEM32\UMPDC.dll
0x00007ffc2a5f0000 - 0x00007ffc2a602000 	C:\WINDOWS\SYSTEM32\kernel.appcore.dll
0x00007ffc161c0000 - 0x00007ffc161ca000 	c:\Users\12262\.vscode\extensions\redhat.java-1.54.0-win32-x64\jre\21.0.10-win32-x86_64\bin\jimage.dll
0x00007ffc1c410000 - 0x00007ffc1c611000 	C:\WINDOWS\SYSTEM32\DBGHELP.DLL
0x00007ffc1c3d0000 - 0x00007ffc1c404000 	C:\WINDOWS\SYSTEM32\dbgcore.DLL
0x00007ffc2c230000 - 0x00007ffc2c2b2000 	C:\WINDOWS\System32\bcryptPrimitives.dll
0x00007ffc152c0000 - 0x00007ffc152cf000 	c:\Users\12262\.vscode\extensions\redhat.java-1.54.0-win32-x64\jre\21.0.10-win32-x86_64\bin\instrument.dll
0x00007ffbf8b40000 - 0x00007ffbf8b60000 	c:\Users\12262\.vscode\extensions\redhat.java-1.54.0-win32-x64\jre\21.0.10-win32-x86_64\bin\java.dll
0x00007ffc2d0d0000 - 0x00007ffc2d840000 	C:\WINDOWS\System32\SHELL32.dll
0x00007ffc29d60000 - 0x00007ffc2a505000 	C:\WINDOWS\SYSTEM32\windows.storage.dll
0x00007ffc2d840000 - 0x00007ffc2db94000 	C:\WINDOWS\System32\combase.dll
0x00007ffc2b7a0000 - 0x00007ffc2b7cb000 	C:\WINDOWS\SYSTEM32\Wldp.dll
0x00007ffc2cbf0000 - 0x00007ffc2ccbd000 	C:\WINDOWS\System32\OLEAUT32.dll
0x00007ffc2ca20000 - 0x00007ffc2cacd000 	C:\WINDOWS\System32\SHCORE.dll
0x00007ffc2ce80000 - 0x00007ffc2cedb000 	C:\WINDOWS\System32\shlwapi.dll
0x00007ffc2bd10000 - 0x00007ffc2bd34000 	C:\WINDOWS\SYSTEM32\profapi.dll
0x00007ffbf4150000 - 0x00007ffbf4168000 	c:\Users\12262\.vscode\extensions\redhat.java-1.54.0-win32-x64\jre\21.0.10-win32-x86_64\bin\zip.dll
0x00007ffc12080000 - 0x00007ffc12090000 	C:\Users\12262\.vscode\extensions\redhat.java-1.54.0-win32-x64\jre\21.0.10-win32-x86_64\bin\net.dll
0x00007ffc28280000 - 0x00007ffc2838a000 	C:\WINDOWS\SYSTEM32\WINHTTP.dll
0x00007ffc2b500000 - 0x00007ffc2b56a000 	C:\WINDOWS\system32\mswsock.dll
0x00007ffbf2af0000 - 0x00007ffbf2b06000 	C:\Users\12262\.vscode\extensions\redhat.java-1.54.0-win32-x64\jre\21.0.10-win32-x86_64\bin\nio.dll
0x00007ffc0d150000 - 0x00007ffc0d160000 	c:\Users\12262\.vscode\extensions\redhat.java-1.54.0-win32-x64\jre\21.0.10-win32-x86_64\bin\verify.dll

JVMTI agents:
c:\Users\12262\.vscode\extensions\redhat.java-1.54.0-win32-x64\lombok\lombok-1.18.39-4050.jar path:c:\Users\12262\.vscode\extensions\redhat.java-1.54.0-win32-x64\jre\21.0.10-win32-x86_64\bin\instrument.dll, loaded, initialized, instrumentlib options:none

dbghelp: loaded successfully - version: 4.0.5 - missing functions: none
symbol engine: initialized successfully - sym options: 0x614 - pdb path: .;c:\Users\12262\.vscode\extensions\redhat.java-1.54.0-win32-x64\jre\21.0.10-win32-x86_64\bin;C:\WINDOWS\SYSTEM32;C:\Program Files\Avast Software\Avast;C:\WINDOWS\WinSxS\amd64_microsoft.windows.common-controls_6595b64144ccf1df_6.0.19041.6456_none_60b8a6cb71f64256;c:\Users\12262\.vscode\extensions\redhat.java-1.54.0-win32-x64\jre\21.0.10-win32-x86_64\bin\server

VM Arguments:
jvm_args: --add-modules=ALL-SYSTEM --add-opens=java.base/java.util=ALL-UNNAMED --add-opens=java.base/java.lang=ALL-UNNAMED --add-opens=java.base/sun.nio.fs=ALL-UNNAMED -Declipse.application=org.eclipse.jdt.ls.core.id1 -Dosgi.bundles.defaultStartLevel=4 -Declipse.product=org.eclipse.jdt.ls.core.product -Djava.import.generatesMetadataFilesAtProjectRoot=false -DDetectVMInstallationsJob.disabled=true -Dfile.encoding=utf8 -XX:+UseParallelGC -XX:GCTimeRatio=4 -XX:AdaptiveSizePolicyWeight=90 -Dsun.zip.disableMemoryMapping=true -Xmx2G -Xms100m -Xlog:disable -javaagent:c:\Users\12262\.vscode\extensions\redhat.java-1.54.0-win32-x64\lombok\lombok-1.18.39-4050.jar 
java_command: c:\Users\12262\.vscode\extensions\redhat.java-1.54.0-win32-x64\server\plugins\org.eclipse.equinox.launcher_1.7.100.v20251111-0406.jar -configuration c:\Users\12262\AppData\Roaming\Code\User\globalStorage\redhat.java\1.54.0\config_ss_win -data c:\Users\12262\AppData\Roaming\Code\User\workspaceStorage\6e5c0734ebc20c5e448ab4540cd20306\redhat.java\ss_ws --pipe=\\.\pipe\lsp-4301e08c744e5880f39331e8d331ca65-sock
java_class_path (initial): c:\Users\12262\.vscode\extensions\redhat.java-1.54.0-win32-x64\server\plugins\org.eclipse.equinox.launcher_1.7.100.v20251111-0406.jar
Launcher Type: SUN_STANDARD

[Global flags]
    uintx AdaptiveSizePolicyWeight                 = 90                                        {product} {command line}
     intx CICompilerCount                          = 4                                         {product} {ergonomic}
    uintx GCTimeRatio                              = 4                                         {product} {command line}
   size_t InitialHeapSize                          = 104857600                                 {product} {command line}
   size_t MaxHeapSize                              = 2147483648                                {product} {command line}
   size_t MaxNewSize                               = 715653120                                 {product} {ergonomic}
   size_t MinHeapDeltaBytes                        = 524288                                    {product} {ergonomic}
   size_t MinHeapSize                              = 104857600                                 {product} {command line}
   size_t NewSize                                  = 34603008                                  {product} {ergonomic}
    uintx NonNMethodCodeHeapSize                   = 5839372                                {pd product} {ergonomic}
    uintx NonProfiledCodeHeapSize                  = 122909434                              {pd product} {ergonomic}
   size_t OldSize                                  = 70254592                                  {product} {ergonomic}
    uintx ProfiledCodeHeapSize                     = 122909434                              {pd product} {ergonomic}
    uintx ReservedCodeCacheSize                    = 251658240                              {pd product} {ergonomic}
     bool SegmentedCodeCache                       = true                                      {product} {ergonomic}
   size_t SoftMaxHeapSize                          = 2147483648                             {manageable} {ergonomic}
     bool UseCompressedOops                        = true                           {product lp64_product} {ergonomic}
     bool UseLargePagesIndividualAllocation        = false                                  {pd product} {ergonomic}
     bool UseParallelGC                            = true                                      {product} {command line}

Logging:
Log output configuration:
 #0: stdout all=off uptime,level,tags foldmultilines=false
 #1: stderr all=off uptime,level,tags foldmultilines=false

Release file:
JAVA_VERSION="21.0.10" 
MODULES="java.base java.compiler java.datatransfer java.xml java.prefs java.desktop java.instrument java.logging java.management java.security.sasl java.naming java.rmi java.management.rmi java.net.http java.scripting java.security.jgss java.transaction.xa java.sql java.sql.rowset java.xml.crypto java.se java.smartcardio jdk.accessibility jdk.internal.jvmstat jdk.attach jdk.charsets jdk.internal.opt jdk.zipfs jdk.compiler jdk.crypto.ec jdk.crypto.cryptoki jdk.crypto.mscapi jdk.dynalink jdk.internal.ed jdk.editpad jdk.hotspot.agent jdk.httpserver jdk.internal.le jdk.internal.vm.ci jdk.internal.vm.compiler jdk.internal.vm.compiler.management jdk.jartool jdk.javadoc jdk.jcmd jdk.management jdk.management.agent jdk.jconsole jdk.jdeps jdk.jdwp.agent jdk.jdi jdk.jfr jdk.jshell jdk.jsobject jdk.jstatd jdk.localedata jdk.management.jfr jdk.naming.dns jdk.naming.rmi jdk.net jdk.nio.mapmode jdk.random jdk.sctp jdk.security.auth jdk.security.jgss jdk.unsupported jdk.unsupported.desktop jdk.xml.dom" 

Environment Variables:
JAVA_HOME=C:\Program Files\Eclipse Adoptium\jdk-17.0.18.8-hotspot\
PATH=C:\Program Files\Eclipse Adoptium\jdk-17.0.18.8-hotspot\bin;C:\WINDOWS\system32;C:\WINDOWS;C:\WINDOWS\System32\Wbem;C:\WINDOWS\System32\WindowsPowerShell\v1.0\;C:\WINDOWS\System32\OpenSSH\;C:\Program Files\CMake\bin;C:\Git\Git\cmd;C:\Users\12262\AppData\Local\Programs\Python\Python312\Scripts\;C:\Users\12262\AppData\Local\Programs\Python\Python312\;C:\Users\12262\AppData\Local\Programs\Python\Launcher\;C:\Users\12262\AppData\Local\Microsoft\WindowsApps;C:\Users\12262\AppData\Local\GitHubDesktop\bin
USERNAME=12262
OS=Windows_NT
PROCESSOR_IDENTIFIER=Intel64 Family 6 Model 142 Stepping 12, GenuineIntel
TMP=C:\Users\12262\AppData\Local\Temp
TEMP=C:\Users\12262\AppData\Local\Temp




Periodic native trim disabled

---------------  S Y S T E M  ---------------

OS:
 Windows 10 , 64 bit Build 19041 (10.0.19041.5915)
OS uptime: 0 days 10:08 hours

CPU: total 8 (initial active 8) (4 cores per cpu, 2 threads per core) family 6 model 142 stepping 12 microcode 0xf4, cx8, cmov, fxsr, ht, mmx, 3dnowpref, sse, sse2, sse3, ssse3, sse4.1, sse4.2, popcnt, lzcnt, tsc, tscinvbit, avx, avx2, aes, erms, clmul, bmi1, bmi2, adx, fma, vzeroupper, clflush, clflushopt, rdtscp, f16c
Processor Information for the first 8 processors :
  Max Mhz: 2304, Current Mhz: 1803, Mhz Limit: 1797

Memory: 4k page, system-wide physical 7792M (567M free)
TotalPageFile size 13417M (AvailPageFile size 18M)
current process WorkingSet (physical memory assigned to process): 60M, peak: 60M
current process commit charge ("private bytes"): 231M, peak: 231M

vm_info: OpenJDK 64-Bit Server VM (21.0.10+7-LTS) for windows-amd64 JRE (21.0.10+7-LTS), built on 2026-01-20T00:00:00Z by "admin" with MS VC++ 17.12 (VS2022)

END.
