#
# There is insufficient memory for the Java Runtime Environment to continue.
# Native memory allocation (malloc) failed to allocate 1048576 bytes. Error detail: AllocateHeap
# Possible reasons:
#   The system is out of physical RAM or swap space
#   This process is running with CompressedOops enabled, and the Java Heap may be blocking the growth of the native heap
# Possible solutions:
#   Reduce memory load on the system
#   Increase physical memory or swap space
#   Check if swap backing store is full
#   Decrease Java heap size (-Xmx/-Xms)
#   Decrease number of Java threads
#   Decrease Java thread stack sizes (-Xss)
#   Set larger code cache with -XX:ReservedCodeCacheSize=
#   JVM is running with Unscaled Compressed Oops mode in which the Java heap is
#     placed in the first 4GB address space. The Java Heap base address is the
#     maximum limit for the native heap growth. Please use -XX:HeapBaseMinAddress
#     to set the Java Heap base and to place the Java Heap above 4GB virtual address.
# This output file may be truncated or incomplete.
#
#  Out of Memory Error (allocation.cpp:44), pid=16344, tid=3700
#
# JRE version: OpenJDK Runtime Environment Temurin-21.0.10+7 (21.0.10+7) (build 21.0.10+7-LTS)
# Java VM: OpenJDK 64-Bit Server VM Temurin-21.0.10+7 (21.0.10+7-LTS, mixed mode, sharing, tiered, compressed oops, compressed class ptrs, parallel gc, windows-amd64)
# No core dump will be written. Minidumps are not enabled by default on client versions of Windows
#

---------------  S U M M A R Y ------------

Command Line: --add-modules=ALL-SYSTEM --add-opens=java.base/java.util=ALL-UNNAMED --add-opens=java.base/java.lang=ALL-UNNAMED --add-opens=java.base/sun.nio.fs=ALL-UNNAMED -Declipse.application=org.eclipse.jdt.ls.core.id1 -Dosgi.bundles.defaultStartLevel=4 -Declipse.product=org.eclipse.jdt.ls.core.product -Djava.import.generatesMetadataFilesAtProjectRoot=false -DDetectVMInstallationsJob.disabled=true -Dfile.encoding=utf8 -XX:+UseParallelGC -XX:GCTimeRatio=4 -XX:AdaptiveSizePolicyWeight=90 -Dsun.zip.disableMemoryMapping=true -Xmx2G -Xms100m -Xlog:disable -javaagent:c:\Users\12262\.vscode\extensions\redhat.java-1.54.0-win32-x64\lombok\lombok-1.18.39-4050.jar -XX:+HeapDumpOnOutOfMemoryError -XX:HeapDumpPath=c:\Users\12262\AppData\Roaming\Code\User\workspaceStorage\6e5c0734ebc20c5e448ab4540cd20306\redhat.java -Daether.dependencyCollector.impl=bf c:\Users\12262\.vscode\extensions\redhat.java-1.54.0-win32-x64\server\plugins\org.eclipse.equinox.launcher_1.7.100.v20251111-0406.jar -configuration c:\Users\12262\AppData\Roaming\Code\User\globalStorage\redhat.java\1.54.0\config_win -data c:\Users\12262\AppData\Roaming\Code\User\workspaceStorage\6e5c0734ebc20c5e448ab4540cd20306\redhat.java\jdt_ws --pipe=\\.\pipe\lsp-3eb56429ad8b71fbf61adf02de2e292d-sock

Host: Intel(R) Core(TM) i7-10610U CPU @ 1.80GHz, 8 cores, 7G,  Windows 10 , 64 bit Build 19041 (10.0.19041.5915)
Time: Fri May 15 21:04:25 2026 Eastern Daylight Time elapsed time: 5609.673438 seconds (0d 1h 33m 29s)

---------------  T H R E A D  ---------------

Current thread (0x000001a518cbb4b0):  JavaThread "Attach Listener" daemon [_thread_in_vm, id=3700, stack(0x0000009cf1900000,0x0000009cf1a00000) (1024K)]

Stack: [0x0000009cf1900000,0x0000009cf1a00000]
Native frames: (J=compiled Java code, j=interpreted, Vv=VM code, C=native code)
V  [jvm.dll+0x6d7a39]
V  [jvm.dll+0x8b4b26]
V  [jvm.dll+0x8b70de]
V  [jvm.dll+0x8b77c3]
V  [jvm.dll+0x284346]
V  [jvm.dll+0xc1277]
V  [jvm.dll+0x6d82e9]
V  [jvm.dll+0x1334a6]
V  [jvm.dll+0x3f857e]
V  [jvm.dll+0x85f59d]
V  [jvm.dll+0x6d626d]
C  [ucrtbase.dll+0x21bb2]
C  [KERNEL32.DLL+0x17374]
C  [ntdll.dll+0x4cc91]


---------------  P R O C E S S  ---------------

Threads class SMR info:
_java_thread_list=0x000001a561c60060, length=41, elements={
0x000001a502247470, 0x000001a518cb5780, 0x000001a518cb6ea0, 0x000001a518cba850,
0x000001a518cbb4b0, 0x000001a518cbc110, 0x000001a518cbec80, 0x000001a518cc0580,
0x000001a55b6a04d0, 0x000001a55b7d0800, 0x000001a55b967f50, 0x000001a5603b8080,
0x000001a560427990, 0x000001a56082e7c0, 0x000001a56082f610, 0x000001a560b75a70,
0x000001a5612a46f0, 0x000001a560ae5020, 0x000001a560896f10, 0x000001a560899670,
0x000001a562284150, 0x000001a562282080, 0x000001a562282da0, 0x000001a5622868b0,
0x000001a56227ffb0, 0x000001a562282710, 0x000001a5622875d0, 0x000001a562280640,
0x000001a562283430, 0x000001a5622847e0, 0x000001a562284e70, 0x000001a5622819f0,
0x000001a55b6c2180, 0x000001a56d2c9120, 0x000001a56d2c9e40, 0x000001a56d2c76e0,
0x000001a56d2c7050, 0x000001a5606ce240, 0x000001a56d2c97b0, 0x000001a56d2c5610,
0x000001a56d2ca4d0
}

Java Threads: ( => current thread )
  0x000001a502247470 JavaThread "main"                              [_thread_blocked, id=14444, stack(0x0000009cf1200000,0x0000009cf1300000) (1024K)]
  0x000001a518cb5780 JavaThread "Reference Handler"          daemon [_thread_blocked, id=15924, stack(0x0000009cf1600000,0x0000009cf1700000) (1024K)]
  0x000001a518cb6ea0 JavaThread "Finalizer"                  daemon [_thread_blocked, id=6344, stack(0x0000009cf1700000,0x0000009cf1800000) (1024K)]
  0x000001a518cba850 JavaThread "Signal Dispatcher"          daemon [_thread_blocked, id=17124, stack(0x0000009cf1800000,0x0000009cf1900000) (1024K)]
=>0x000001a518cbb4b0 JavaThread "Attach Listener"            daemon [_thread_in_vm, id=3700, stack(0x0000009cf1900000,0x0000009cf1a00000) (1024K)]
  0x000001a518cbc110 JavaThread "Service Thread"             daemon [_thread_blocked, id=20132, stack(0x0000009cf1a00000,0x0000009cf1b00000) (1024K)]
  0x000001a518cbec80 JavaThread "Monitor Deflation Thread"   daemon [_thread_blocked, id=4308, stack(0x0000009cf1b00000,0x0000009cf1c00000) (1024K)]
  0x000001a518cc0580 JavaThread "C2 CompilerThread0"         daemon [_thread_blocked, id=13972, stack(0x0000009cf1c00000,0x0000009cf1d00000) (1024K)]
  0x000001a55b6a04d0 JavaThread "C1 CompilerThread0"         daemon [_thread_blocked, id=4360, stack(0x0000009cf1d00000,0x0000009cf1e00000) (1024K)]
  0x000001a55b7d0800 JavaThread "Common-Cleaner"             daemon [_thread_blocked, id=17140, stack(0x0000009cf1e00000,0x0000009cf1f00000) (1024K)]
  0x000001a55b967f50 JavaThread "Notification Thread"        daemon [_thread_blocked, id=10380, stack(0x0000009cf2000000,0x0000009cf2100000) (1024K)]
  0x000001a5603b8080 JavaThread "Active Thread: Equinox Container: 8e35fdd0-cba1-4dab-a635-157ed32619f1"        [_thread_blocked, id=15236, stack(0x0000009cf2700000,0x0000009cf2800000) (1024K)]
  0x000001a560427990 JavaThread "Refresh Thread: Equinox Container: 8e35fdd0-cba1-4dab-a635-157ed32619f1" daemon [_thread_blocked, id=1780, stack(0x0000009cf2900000,0x0000009cf2a00000) (1024K)]
  0x000001a56082e7c0 JavaThread "Framework Event Dispatcher: Equinox Container: 8e35fdd0-cba1-4dab-a635-157ed32619f1" daemon [_thread_blocked, id=21080, stack(0x0000009cf2a00000,0x0000009cf2b00000) (1024K)]
  0x000001a56082f610 JavaThread "Start Level: Equinox Container: 8e35fdd0-cba1-4dab-a635-157ed32619f1" daemon [_thread_blocked, id=19636, stack(0x0000009cf2b00000,0x0000009cf2c00000) (1024K)]
  0x000001a560b75a70 JavaThread "Bundle File Closer"         daemon [_thread_blocked, id=19680, stack(0x0000009cf2c00000,0x0000009cf2d00000) (1024K)]
  0x000001a5612a46f0 JavaThread "SCR Component Actor"        daemon [_thread_blocked, id=10384, stack(0x0000009cf2800000,0x0000009cf2900000) (1024K)]
  0x000001a560ae5020 JavaThread "Worker-JM"                         [_thread_blocked, id=1284, stack(0x0000009cf2d00000,0x0000009cf2e00000) (1024K)]
  0x000001a560896f10 JavaThread "JNA Cleaner"                daemon [_thread_blocked, id=4928, stack(0x0000009cf2e00000,0x0000009cf2f00000) (1024K)]
  0x000001a560899670 JavaThread "Java indexing"              daemon [_thread_blocked, id=17756, stack(0x0000009cf3300000,0x0000009cf3400000) (1024K)]
  0x000001a562284150 JavaThread "Thread-1"                   daemon [_thread_in_native, id=20532, stack(0x0000009cf3800000,0x0000009cf3900000) (1024K)]
  0x000001a562282080 JavaThread "Thread-2"                   daemon [_thread_in_native, id=2624, stack(0x0000009cf3900000,0x0000009cf3a00000) (1024K)]
  0x000001a562282da0 JavaThread "Thread-3"                   daemon [_thread_in_native, id=15144, stack(0x0000009cf3a00000,0x0000009cf3b00000) (1024K)]
  0x000001a5622868b0 JavaThread "Thread-4"                   daemon [_thread_in_native, id=19200, stack(0x0000009cf3b00000,0x0000009cf3c00000) (1024K)]
  0x000001a56227ffb0 JavaThread "Thread-5"                   daemon [_thread_in_native, id=6664, stack(0x0000009cf3c00000,0x0000009cf3d00000) (1024K)]
  0x000001a562282710 JavaThread "Thread-6"                   daemon [_thread_in_native, id=9692, stack(0x0000009cf3d00000,0x0000009cf3e00000) (1024K)]
  0x000001a5622875d0 JavaThread "Thread-7"                   daemon [_thread_in_native, id=20364, stack(0x0000009cf3e00000,0x0000009cf3f00000) (1024K)]
  0x000001a562280640 JavaThread "Thread-8"                   daemon [_thread_in_native, id=18532, stack(0x0000009cf3f00000,0x0000009cf4000000) (1024K)]
  0x000001a562283430 JavaThread "Thread-9"                   daemon [_thread_in_native, id=14376, stack(0x0000009cf4000000,0x0000009cf4100000) (1024K)]
  0x000001a5622847e0 JavaThread "pool-2-thread-1"                   [_thread_blocked, id=13432, stack(0x0000009cf4100000,0x0000009cf4200000) (1024K)]
  0x000001a562284e70 JavaThread "WorkspaceEventsHandler"            [_thread_blocked, id=10536, stack(0x0000009cf4200000,0x0000009cf4300000) (1024K)]
  0x000001a5622819f0 JavaThread "pool-1-thread-1"                   [_thread_blocked, id=16612, stack(0x0000009cf4300000,0x0000009cf4400000) (1024K)]
  0x000001a55b6c2180 JavaThread "Cleaner-0"                  daemon [_thread_blocked, id=13104, stack(0x0000009cf4b00000,0x0000009cf4c00000) (1024K)]
  0x000001a56d2c9120 JavaThread "Java Debug Server"          daemon [_thread_in_native, id=13556, stack(0x0000009cf4d00000,0x0000009cf4e00000) (1024K)]
  0x000001a56d2c9e40 JavaThread "RxSchedulerPurge-1"         daemon [_thread_blocked, id=3872, stack(0x0000009cf4f00000,0x0000009cf5000000) (1024K)]
  0x000001a56d2c76e0 JavaThread "RxCachedWorkerPoolEvictor-1" daemon [_thread_blocked, id=16280, stack(0x0000009cf5000000,0x0000009cf5100000) (1024K)]
  0x000001a56d2c7050 JavaThread "Worker-17"                         [_thread_blocked, id=21072, stack(0x0000009cf3100000,0x0000009cf3200000) (1024K)]
  0x000001a5606ce240 JavaThread "Worker-18"                         [_thread_blocked, id=4548, stack(0x0000009cf3200000,0x0000009cf3300000) (1024K)]
  0x000001a56d2c97b0 JavaThread "Compiler Source File Reader" daemon [_thread_blocked, id=13880, stack(0x0000009cf1000000,0x0000009cf1100000) (1024K)]
  0x000001a56d2c5610 JavaThread "Compiler Source File Reader" daemon [_thread_blocked, id=18196, stack(0x0000009cf2f00000,0x0000009cf3000000) (1024K)]
  0x000001a56d2ca4d0 JavaThread "Compiler Source File Reader" daemon [_thread_blocked, id=21200, stack(0x0000009cf3000000,0x0000009cf3100000) (1024K)]
Total: 41

Other Threads:
  0x000001a518ca1c60 VMThread "VM Thread"                           [id=16516, stack(0x0000009cf1500000,0x0000009cf1600000) (1024K)]
  0x000001a5022b1f10 WatcherThread "VM Periodic Task Thread"        [id=19616, stack(0x0000009cf1400000,0x0000009cf1500000) (1024K)]
  0x000001a502264220 WorkerThread "GC Thread#0"                     [id=19476, stack(0x0000009cf1300000,0x0000009cf1400000) (1024K)]
  0x000001a5604f1930 WorkerThread "GC Thread#1"                     [id=13188, stack(0x0000009cf2100000,0x0000009cf2200000) (1024K)]
  0x000001a5604f1580 WorkerThread "GC Thread#2"                     [id=11716, stack(0x0000009cf2200000,0x0000009cf2300000) (1024K)]
  0x000001a5604f1ce0 WorkerThread "GC Thread#3"                     [id=21004, stack(0x0000009cf2300000,0x0000009cf2400000) (1024K)]
  0x000001a5604f2ba0 WorkerThread "GC Thread#4"                     [id=6708, stack(0x0000009cf2400000,0x0000009cf2500000) (1024K)]
  0x000001a5604f11d0 WorkerThread "GC Thread#5"                     [id=2776, stack(0x0000009cf2500000,0x0000009cf2600000) (1024K)]
  0x000001a5604f2090 WorkerThread "GC Thread#6"                     [id=20400, stack(0x0000009cf2600000,0x0000009cf2700000) (1024K)]
  0x000001a5604f27f0 WorkerThread "GC Thread#7"                     [id=4732, stack(0x0000009cf1f00000,0x0000009cf2000000) (1024K)]
Total: 10

Threads with active compile tasks:
Total: 0

VM state: not at safepoint (normal execution)

VM Mutex/Monitor currently owned by a thread: None

Heap address: 0x0000000080000000, size: 2048 MB, Compressed Oops mode: 32-bit

CDS archive(s) mapped at: [0x000001a519000000-0x000001a519ba0000-0x000001a519ba0000), size 12189696, SharedBaseAddress: 0x000001a519000000, ArchiveRelocationMode: 1.
Compressed class space mapped at: 0x000001a51a000000-0x000001a55a000000, reserved size: 1073741824
Narrow klass base: 0x000001a519000000, Narrow klass shift: 0, Narrow klass range: 0x100000000

GC Precious Log:
 CardTable entry size: 512
 CPUs: 8 total, 8 available
 Memory: 7792M
 Large Page Support: Disabled
 NUMA Support: Disabled
 Compressed Oops: Enabled (32-bit)
 Alignments: Space 512K, Generation 512K, Heap 2M
 Heap Min Capacity: 100M
 Heap Initial Capacity: 100M
 Heap Max Capacity: 2G
 Pre-touch: Disabled
 Parallel Workers: 8

Heap:
 PSYoungGen      total 7168K, used 596K [0x00000000d5580000, 0x00000000d5f00000, 0x0000000100000000)
  eden space 6656K, 5% used [0x00000000d5580000,0x00000000d55dd1f8,0x00000000d5c00000)
  from space 512K, 43% used [0x00000000d5e80000,0x00000000d5eb8000,0x00000000d5f00000)
  to   space 512K, 0% used [0x00000000d5e00000,0x00000000d5e00000,0x00000000d5e80000)
 ParOldGen       total 1110016K, used 1109770K [0x0000000080000000, 0x00000000c3c00000, 0x00000000d5580000)
  object space 1110016K, 99% used [0x0000000080000000,0x00000000c3bc2b78,0x00000000c3c00000)
 Metaspace       used 94611K, committed 96192K, reserved 1179648K
  class space    used 9411K, committed 10112K, reserved 1048576K

Card table byte_map: [0x000001a501c00000,0x000001a502010000] _byte_map_base: 0x000001a501800000

Marking Bits: (ParMarkBitMap*) 0x00007ffb72393450
 Begin Bits: [0x000001a514700000, 0x000001a516700000)
 End Bits:   [0x000001a516700000, 0x000001a518700000)

Polling page: 0x000001a500140000

Metaspace:

Usage:
  Non-class:     83.20 MB used.
      Class:      9.19 MB used.
       Both:     92.39 MB used.

Virtual space:
  Non-class space:      128.00 MB reserved,      84.06 MB ( 66%) committed,  2 nodes.
      Class space:        1.00 GB reserved,       9.88 MB ( <1%) committed,  1 nodes.
             Both:        1.12 GB reserved,      93.94 MB (  8%) committed. 

Chunk freelists:
   Non-Class:  11.48 MB
       Class:  6.14 MB
        Both:  17.63 MB

MaxMetaspaceSize: unlimited
CompressedClassSpaceSize: 1.00 GB
Initial GC threshold: 21.00 MB
Current GC threshold: 156.06 MB
CDS: on
 - commit_granule_bytes: 65536.
 - commit_granule_words: 8192.
 - virtual_space_node_default_size: 8388608.
 - enlarge_chunks_in_place: 1.
 - use_allocation_guard: 0.


Internal statistics:

num_allocs_failed_limit: 13.
num_arena_births: 1874.
num_arena_deaths: 344.
num_vsnodes_births: 3.
num_vsnodes_deaths: 0.
num_space_committed: 1503.
num_space_uncommitted: 0.
num_chunks_returned_to_freelist: 397.
num_chunks_taken_from_freelist: 6798.
num_chunk_merges: 106.
num_chunk_splits: 3932.
num_chunks_enlarged: 2130.
num_inconsistent_stats: 0.

CodeHeap 'non-profiled nmethods': size=120000Kb used=33105Kb max_used=39148Kb free=86894Kb
 bounds [0x000001a50cf20000, 0x000001a50f560000, 0x000001a514450000]
CodeHeap 'profiled nmethods': size=120000Kb used=36760Kb max_used=49701Kb free=83239Kb
 bounds [0x000001a505450000, 0x000001a5085f0000, 0x000001a50c980000]
CodeHeap 'non-nmethods': size=5760Kb used=1529Kb max_used=1647Kb free=4230Kb
 bounds [0x000001a50c980000, 0x000001a50cbf0000, 0x000001a50cf20000]
CodeCache: size=245760Kb, used=71394Kb, max_used=90496Kb, free=174363Kb
 total_blobs=18160, nmethods=17309, adapters=750, full_count=0
Compilation: enabled, stopped_count=0, restarted_count=0

Compilation events (20 events):
Event: 5477.429 Thread 0x000001a518cc0580 31924   !   4       org.eclipse.core.internal.jobs.JobManager::isBlocking (148 bytes)
Event: 5477.441 Thread 0x000001a518cc0580 nmethod 31924 0x000001a50e06b510 code [0x000001a50e06b6c0, 0x000001a50e06bab8]
Event: 5477.472 Thread 0x000001a55b6a04d0 31925       3       java.util.concurrent.locks.AbstractQueuedSynchronizer$ConditionNode::isReleasable (23 bytes)
Event: 5477.478 Thread 0x000001a55b6a04d0 nmethod 31925 0x000001a506bb1b10 code [0x000001a506bb1cc0, 0x000001a506bb1f10]
Event: 5477.483 Thread 0x000001a55b6a04d0 31926       3       java.security.AccessController::getContext (23 bytes)
Event: 5477.487 Thread 0x000001a55b6a04d0 nmethod 31926 0x000001a506f51a90 code [0x000001a506f51c60, 0x000001a506f51f38]
Event: 5477.488 Thread 0x000001a518cc0580 31927       4       java.util.stream.StreamSpliterators$WrappingSpliterator::initPartialTraversalState (46 bytes)
Event: 5477.502 Thread 0x000001a518cc0580 nmethod 31927 0x000001a50d62a010 code [0x000001a50d62a1e0, 0x000001a50d62a5e0]
Event: 5477.543 Thread 0x000001a55b6a04d0 31928       3       org.eclipse.jdt.internal.core.builder.SourceFile::hashCode (8 bytes)
Event: 5477.543 Thread 0x000001a55b6a04d0 nmethod 31928 0x000001a5065a2c90 code [0x000001a5065a2e40, 0x000001a5065a2f80]
Event: 5477.544 Thread 0x000001a55b6a04d0 31929       3       lombok.bytecode.ClassFileMetaData::findUtf8 (33 bytes)
Event: 5477.547 Thread 0x000001a55b6a04d0 nmethod 31929 0x000001a50710cf10 code [0x000001a50710d0e0, 0x000001a50710d390]
Event: 5477.547 Thread 0x000001a55b6a04d0 31930       3       org.eclipse.core.internal.dtree.DataDeltaNode::asBackwardDelta (96 bytes)
Event: 5477.548 Thread 0x000001a518cc0580 31931       4       org.eclipse.core.internal.events.ResourceDelta::getFlags (11 bytes)
Event: 5477.549 Thread 0x000001a55b6a04d0 nmethod 31930 0x000001a505d3bd90 code [0x000001a505d3bfc0, 0x000001a505d3c8c0]
Event: 5477.549 Thread 0x000001a55b6a04d0 31932       3       org.eclipse.core.internal.resources.MarkerSet::hashFor (6 bytes)
Event: 5477.550 Thread 0x000001a518cc0580 nmethod 31931 0x000001a50db99d90 code [0x000001a50db99f20, 0x000001a50db99fc0]
Event: 5477.550 Thread 0x000001a55b6a04d0 nmethod 31932 0x000001a5068a8a90 code [0x000001a5068a8c40, 0x000001a5068a8e20]
Event: 5589.769 Thread 0x000001a55b6a04d0 31933   !   3       java.util.concurrent.ThreadPoolExecutor::runWorker (187 bytes)
Event: 5589.794 Thread 0x000001a55b6a04d0 nmethod 31933 0x000001a507280310 code [0x000001a507280640, 0x000001a507281988]

GC Heap History (20 events):
Event: 5477.263 GC heap before
{Heap before GC invocations=9893 (full 8):
 PSYoungGen      total 9216K, used 8928K [0x00000000d5580000, 0x00000000d6000000, 0x0000000100000000)
  eden space 8704K, 100% used [0x00000000d5580000,0x00000000d5e00000,0x00000000d5e00000)
  from space 512K, 43% used [0x00000000d5f80000,0x00000000d5fb8000,0x00000000d6000000)
  to   space 512K, 0% used [0x00000000d5f00000,0x00000000d5f00000,0x00000000d5f80000)
 ParOldGen       total 1102336K, used 1102258K [0x0000000080000000, 0x00000000c3480000, 0x00000000d5580000)
  object space 1102336K, 99% used [0x0000000080000000,0x00000000c346ca20,0x00000000c3480000)
 Metaspace       used 94601K, committed 96192K, reserved 1179648K
  class space    used 9411K, committed 10112K, reserved 1048576K
}
Event: 5477.267 GC heap after
{Heap after GC invocations=9893 (full 8):
 PSYoungGen      total 9216K, used 509K [0x00000000d5580000, 0x00000000d6300000, 0x0000000100000000)
  eden space 8704K, 0% used [0x00000000d5580000,0x00000000d5580000,0x00000000d5e00000)
  from space 512K, 99% used [0x00000000d5f00000,0x00000000d5f7f458,0x00000000d5f80000)
  to   space 2560K, 0% used [0x00000000d6080000,0x00000000d6080000,0x00000000d6300000)
 ParOldGen       total 1103872K, used 1103684K [0x0000000080000000, 0x00000000c3600000, 0x00000000d5580000)
  object space 1103872K, 99% used [0x0000000080000000,0x00000000c35d11b8,0x00000000c3600000)
 Metaspace       used 94601K, committed 96192K, reserved 1179648K
  class space    used 9411K, committed 10112K, reserved 1048576K
}
Event: 5477.423 GC heap before
{Heap before GC invocations=9894 (full 8):
 PSYoungGen      total 9216K, used 9213K [0x00000000d5580000, 0x00000000d6300000, 0x0000000100000000)
  eden space 8704K, 100% used [0x00000000d5580000,0x00000000d5e00000,0x00000000d5e00000)
  from space 512K, 99% used [0x00000000d5f00000,0x00000000d5f7f458,0x00000000d5f80000)
  to   space 2560K, 0% used [0x00000000d6080000,0x00000000d6080000,0x00000000d6300000)
 ParOldGen       total 1103872K, used 1103684K [0x0000000080000000, 0x00000000c3600000, 0x00000000d5580000)
  object space 1103872K, 99% used [0x0000000080000000,0x00000000c35d11b8,0x00000000c3600000)
 Metaspace       used 94604K, committed 96192K, reserved 1179648K
  class space    used 9411K, committed 10112K, reserved 1048576K
}
Event: 5477.428 GC heap after
{Heap after GC invocations=9894 (full 8):
 PSYoungGen      total 9216K, used 2551K [0x00000000d5580000, 0x00000000d6700000, 0x0000000100000000)
  eden space 6656K, 0% used [0x00000000d5580000,0x00000000d5580000,0x00000000d5c00000)
  from space 2560K, 99% used [0x00000000d6080000,0x00000000d62fddd0,0x00000000d6300000)
  to   space 4608K, 0% used [0x00000000d5c00000,0x00000000d5c00000,0x00000000d6080000)
 ParOldGen       total 1105408K, used 1104937K [0x0000000080000000, 0x00000000c3780000, 0x00000000d5580000)
  object space 1105408K, 99% used [0x0000000080000000,0x00000000c370a630,0x00000000c3780000)
 Metaspace       used 94604K, committed 96192K, reserved 1179648K
  class space    used 9411K, committed 10112K, reserved 1048576K
}
Event: 5477.523 GC heap before
{Heap before GC invocations=9895 (full 8):
 PSYoungGen      total 9216K, used 9207K [0x00000000d5580000, 0x00000000d6700000, 0x0000000100000000)
  eden space 6656K, 100% used [0x00000000d5580000,0x00000000d5c00000,0x00000000d5c00000)
  from space 2560K, 99% used [0x00000000d6080000,0x00000000d62fddd0,0x00000000d6300000)
  to   space 4608K, 0% used [0x00000000d5c00000,0x00000000d5c00000,0x00000000d6080000)
 ParOldGen       total 1105408K, used 1104937K [0x0000000080000000, 0x00000000c3780000, 0x00000000d5580000)
  object space 1105408K, 99% used [0x0000000080000000,0x00000000c370a630,0x00000000c3780000)
 Metaspace       used 94607K, committed 96192K, reserved 1179648K
  class space    used 9411K, committed 10112K, reserved 1048576K
}
Event: 5477.531 GC heap after
{Heap after GC invocations=9895 (full 8):
 PSYoungGen      total 8704K, used 1539K [0x00000000d5580000, 0x00000000d6100000, 0x0000000100000000)
  eden space 6656K, 0% used [0x00000000d5580000,0x00000000d5580000,0x00000000d5c00000)
  from space 2048K, 75% used [0x00000000d5c00000,0x00000000d5d80ed8,0x00000000d5e00000)
  to   space 2560K, 0% used [0x00000000d5e80000,0x00000000d5e80000,0x00000000d6100000)
 ParOldGen       total 1107968K, used 1107482K [0x0000000080000000, 0x00000000c3a00000, 0x00000000d5580000)
  object space 1107968K, 99% used [0x0000000080000000,0x00000000c3986b88,0x00000000c3a00000)
 Metaspace       used 94607K, committed 96192K, reserved 1179648K
  class space    used 9411K, committed 10112K, reserved 1048576K
}
Event: 5477.574 GC heap before
{Heap before GC invocations=9896 (full 8):
 PSYoungGen      total 8704K, used 8195K [0x00000000d5580000, 0x00000000d6100000, 0x0000000100000000)
  eden space 6656K, 100% used [0x00000000d5580000,0x00000000d5c00000,0x00000000d5c00000)
  from space 2048K, 75% used [0x00000000d5c00000,0x00000000d5d80ed8,0x00000000d5e00000)
  to   space 2560K, 0% used [0x00000000d5e80000,0x00000000d5e80000,0x00000000d6100000)
 ParOldGen       total 1107968K, used 1107482K [0x0000000080000000, 0x00000000c3a00000, 0x00000000d5580000)
  object space 1107968K, 99% used [0x0000000080000000,0x00000000c3986b88,0x00000000c3a00000)
 Metaspace       used 94608K, committed 96192K, reserved 1179648K
  class space    used 9411K, committed 10112K, reserved 1048576K
}
Event: 5477.578 GC heap after
{Heap after GC invocations=9896 (full 8):
 PSYoungGen      total 7680K, used 707K [0x00000000d5580000, 0x00000000d5f80000, 0x0000000100000000)
  eden space 6656K, 0% used [0x00000000d5580000,0x00000000d5580000,0x00000000d5c00000)
  from space 1024K, 69% used [0x00000000d5e80000,0x00000000d5f30ef8,0x00000000d5f80000)
  to   space 1536K, 0% used [0x00000000d5c80000,0x00000000d5c80000,0x00000000d5e00000)
 ParOldGen       total 1108992K, used 1108859K [0x0000000080000000, 0x00000000c3b00000, 0x00000000d5580000)
  object space 1108992K, 99% used [0x0000000080000000,0x00000000c3adec40,0x00000000c3b00000)
 Metaspace       used 94608K, committed 96192K, reserved 1179648K
  class space    used 9411K, committed 10112K, reserved 1048576K
}
Event: 5479.511 GC heap before
{Heap before GC invocations=9897 (full 8):
 PSYoungGen      total 7680K, used 7363K [0x00000000d5580000, 0x00000000d5f80000, 0x0000000100000000)
  eden space 6656K, 99% used [0x00000000d5580000,0x00000000d5bffff8,0x00000000d5c00000)
  from space 1024K, 69% used [0x00000000d5e80000,0x00000000d5f30ef8,0x00000000d5f80000)
  to   space 1536K, 0% used [0x00000000d5c80000,0x00000000d5c80000,0x00000000d5e00000)
 ParOldGen       total 1108992K, used 1108859K [0x0000000080000000, 0x00000000c3b00000, 0x00000000d5580000)
  object space 1108992K, 99% used [0x0000000080000000,0x00000000c3adec40,0x00000000c3b00000)
 Metaspace       used 94608K, committed 96192K, reserved 1179648K
  class space    used 9411K, committed 10112K, reserved 1048576K
}
Event: 5479.519 GC heap after
{Heap after GC invocations=9897 (full 8):
 PSYoungGen      total 8192K, used 256K [0x00000000d5580000, 0x00000000d5f00000, 0x0000000100000000)
  eden space 6656K, 0% used [0x00000000d5580000,0x00000000d5580000,0x00000000d5c00000)
  from space 1536K, 16% used [0x00000000d5c80000,0x00000000d5cc0000,0x00000000d5e00000)
  to   space 512K, 0% used [0x00000000d5e80000,0x00000000d5e80000,0x00000000d5f00000)
 ParOldGen       total 1109504K, used 1109299K [0x0000000080000000, 0x00000000c3b80000, 0x00000000d5580000)
  object space 1109504K, 99% used [0x0000000080000000,0x00000000c3b4cc60,0x00000000c3b80000)
 Metaspace       used 94608K, committed 96192K, reserved 1179648K
  class space    used 9411K, committed 10112K, reserved 1048576K
}
Event: 5479.575 GC heap before
{Heap before GC invocations=9898 (full 8):
 PSYoungGen      total 8192K, used 6912K [0x00000000d5580000, 0x00000000d5f00000, 0x0000000100000000)
  eden space 6656K, 100% used [0x00000000d5580000,0x00000000d5c00000,0x00000000d5c00000)
  from space 1536K, 16% used [0x00000000d5c80000,0x00000000d5cc0000,0x00000000d5e00000)
  to   space 512K, 0% used [0x00000000d5e80000,0x00000000d5e80000,0x00000000d5f00000)
 ParOldGen       total 1109504K, used 1109299K [0x0000000080000000, 0x00000000c3b80000, 0x00000000d5580000)
  object space 1109504K, 99% used [0x0000000080000000,0x00000000c3b4cc60,0x00000000c3b80000)
 Metaspace       used 94608K, committed 96192K, reserved 1179648K
  class space    used 9411K, committed 10112K, reserved 1048576K
}
Event: 5479.580 GC heap after
{Heap after GC invocations=9898 (full 8):
 PSYoungGen      total 7168K, used 259K [0x00000000d5580000, 0x00000000d5f00000, 0x0000000100000000)
  eden space 6656K, 0% used [0x00000000d5580000,0x00000000d5580000,0x00000000d5c00000)
  from space 512K, 50% used [0x00000000d5e80000,0x00000000d5ec0ed8,0x00000000d5f00000)
  to   space 512K, 0% used [0x00000000d5e00000,0x00000000d5e00000,0x00000000d5e80000)
 ParOldGen       total 1109504K, used 1109347K [0x0000000080000000, 0x00000000c3b80000, 0x00000000d5580000)
  object space 1109504K, 99% used [0x0000000080000000,0x00000000c3b58c60,0x00000000c3b80000)
 Metaspace       used 94608K, committed 96192K, reserved 1179648K
  class space    used 9411K, committed 10112K, reserved 1048576K
}
Event: 5479.607 GC heap before
{Heap before GC invocations=9899 (full 8):
 PSYoungGen      total 7168K, used 6915K [0x00000000d5580000, 0x00000000d5f00000, 0x0000000100000000)
  eden space 6656K, 100% used [0x00000000d5580000,0x00000000d5c00000,0x00000000d5c00000)
  from space 512K, 50% used [0x00000000d5e80000,0x00000000d5ec0ed8,0x00000000d5f00000)
  to   space 512K, 0% used [0x00000000d5e00000,0x00000000d5e00000,0x00000000d5e80000)
 ParOldGen       total 1109504K, used 1109347K [0x0000000080000000, 0x00000000c3b80000, 0x00000000d5580000)
  object space 1109504K, 99% used [0x0000000080000000,0x00000000c3b58c60,0x00000000c3b80000)
 Metaspace       used 94608K, committed 96192K, reserved 1179648K
  class space    used 9411K, committed 10112K, reserved 1048576K
}
Event: 5479.612 GC heap after
{Heap after GC invocations=9899 (full 8):
 PSYoungGen      total 7168K, used 160K [0x00000000d5580000, 0x00000000d5f00000, 0x0000000100000000)
  eden space 6656K, 0% used [0x00000000d5580000,0x00000000d5580000,0x00000000d5c00000)
  from space 512K, 31% used [0x00000000d5e00000,0x00000000d5e28000,0x00000000d5e80000)
  to   space 512K, 0% used [0x00000000d5e80000,0x00000000d5e80000,0x00000000d5f00000)
 ParOldGen       total 1110016K, used 1109507K [0x0000000080000000, 0x00000000c3c00000, 0x00000000d5580000)
  object space 1110016K, 99% used [0x0000000080000000,0x00000000c3b80dc8,0x00000000c3c00000)
 Metaspace       used 94608K, committed 96192K, reserved 1179648K
  class space    used 9411K, committed 10112K, reserved 1048576K
}
Event: 5480.279 GC heap before
{Heap before GC invocations=9900 (full 8):
 PSYoungGen      total 7168K, used 6816K [0x00000000d5580000, 0x00000000d5f00000, 0x0000000100000000)
  eden space 6656K, 100% used [0x00000000d5580000,0x00000000d5c00000,0x00000000d5c00000)
  from space 512K, 31% used [0x00000000d5e00000,0x00000000d5e28000,0x00000000d5e80000)
  to   space 512K, 0% used [0x00000000d5e80000,0x00000000d5e80000,0x00000000d5f00000)
 ParOldGen       total 1110016K, used 1109507K [0x0000000080000000, 0x00000000c3c00000, 0x00000000d5580000)
  object space 1110016K, 99% used [0x0000000080000000,0x00000000c3b80dc8,0x00000000c3c00000)
 Metaspace       used 94608K, committed 96192K, reserved 1179648K
  class space    used 9411K, committed 10112K, reserved 1048576K
}
Event: 5480.289 GC heap after
{Heap after GC invocations=9900 (full 8):
 PSYoungGen      total 7168K, used 224K [0x00000000d5580000, 0x00000000d5f00000, 0x0000000100000000)
  eden space 6656K, 0% used [0x00000000d5580000,0x00000000d5580000,0x00000000d5c00000)
  from space 512K, 43% used [0x00000000d5e80000,0x00000000d5eb8000,0x00000000d5f00000)
  to   space 512K, 0% used [0x00000000d5e00000,0x00000000d5e00000,0x00000000d5e80000)
 ParOldGen       total 1110016K, used 1109539K [0x0000000080000000, 0x00000000c3c00000, 0x00000000d5580000)
  object space 1110016K, 99% used [0x0000000080000000,0x00000000c3b88dc8,0x00000000c3c00000)
 Metaspace       used 94608K, committed 96192K, reserved 1179648K
  class space    used 9411K, committed 10112K, reserved 1048576K
}
Event: 5480.316 GC heap before
{Heap before GC invocations=9901 (full 8):
 PSYoungGen      total 7168K, used 6880K [0x00000000d5580000, 0x00000000d5f00000, 0x0000000100000000)
  eden space 6656K, 100% used [0x00000000d5580000,0x00000000d5c00000,0x00000000d5c00000)
  from space 512K, 43% used [0x00000000d5e80000,0x00000000d5eb8000,0x00000000d5f00000)
  to   space 512K, 0% used [0x00000000d5e00000,0x00000000d5e00000,0x00000000d5e80000)
 ParOldGen       total 1110016K, used 1109539K [0x0000000080000000, 0x00000000c3c00000, 0x00000000d5580000)
  object space 1110016K, 99% used [0x0000000080000000,0x00000000c3b88dc8,0x00000000c3c00000)
 Metaspace       used 94608K, committed 96192K, reserved 1179648K
  class space    used 9411K, committed 10112K, reserved 1048576K
}
Event: 5480.321 GC heap after
{Heap after GC invocations=9901 (full 8):
 PSYoungGen      total 7168K, used 227K [0x00000000d5580000, 0x00000000d5f00000, 0x0000000100000000)
  eden space 6656K, 0% used [0x00000000d5580000,0x00000000d5580000,0x00000000d5c00000)
  from space 512K, 44% used [0x00000000d5e00000,0x00000000d5e38ed8,0x00000000d5e80000)
  to   space 512K, 0% used [0x00000000d5e80000,0x00000000d5e80000,0x00000000d5f00000)
 ParOldGen       total 1110016K, used 1109587K [0x0000000080000000, 0x00000000c3c00000, 0x00000000d5580000)
  object space 1110016K, 99% used [0x0000000080000000,0x00000000c3b94dc8,0x00000000c3c00000)
 Metaspace       used 94608K, committed 96192K, reserved 1179648K
  class space    used 9411K, committed 10112K, reserved 1048576K
}
Event: 5480.371 GC heap before
{Heap before GC invocations=9902 (full 8):
 PSYoungGen      total 7168K, used 6883K [0x00000000d5580000, 0x00000000d5f00000, 0x0000000100000000)
  eden space 6656K, 100% used [0x00000000d5580000,0x00000000d5c00000,0x00000000d5c00000)
  from space 512K, 44% used [0x00000000d5e00000,0x00000000d5e38ed8,0x00000000d5e80000)
  to   space 512K, 0% used [0x00000000d5e80000,0x00000000d5e80000,0x00000000d5f00000)
 ParOldGen       total 1110016K, used 1109587K [0x0000000080000000, 0x00000000c3c00000, 0x00000000d5580000)
  object space 1110016K, 99% used [0x0000000080000000,0x00000000c3b94dc8,0x00000000c3c00000)
 Metaspace       used 94608K, committed 96192K, reserved 1179648K
  class space    used 9411K, committed 10112K, reserved 1048576K
}
Event: 5480.375 GC heap after
{Heap after GC invocations=9902 (full 8):
 PSYoungGen      total 7168K, used 224K [0x00000000d5580000, 0x00000000d5f00000, 0x0000000100000000)
  eden space 6656K, 0% used [0x00000000d5580000,0x00000000d5580000,0x00000000d5c00000)
  from space 512K, 43% used [0x00000000d5e80000,0x00000000d5eb8000,0x00000000d5f00000)
  to   space 512K, 0% used [0x00000000d5e00000,0x00000000d5e00000,0x00000000d5e80000)
 ParOldGen       total 1110016K, used 1109770K [0x0000000080000000, 0x00000000c3c00000, 0x00000000d5580000)
  object space 1110016K, 99% used [0x0000000080000000,0x00000000c3bc2b78,0x00000000c3c00000)
 Metaspace       used 94608K, committed 96192K, reserved 1179648K
  class space    used 9411K, committed 10112K, reserved 1048576K
}

Dll operation events (12 events):
Event: 0.527 Loaded shared library c:\Users\12262\.vscode\extensions\redhat.java-1.54.0-win32-x64\jre\21.0.10-win32-x86_64\bin\java.dll
Event: 0.776 Loaded shared library c:\Users\12262\.vscode\extensions\redhat.java-1.54.0-win32-x64\jre\21.0.10-win32-x86_64\bin\zip.dll
Event: 0.855 Loaded shared library C:\Users\12262\.vscode\extensions\redhat.java-1.54.0-win32-x64\jre\21.0.10-win32-x86_64\bin\instrument.dll
Event: 0.870 Loaded shared library C:\Users\12262\.vscode\extensions\redhat.java-1.54.0-win32-x64\jre\21.0.10-win32-x86_64\bin\net.dll
Event: 0.876 Loaded shared library C:\Users\12262\.vscode\extensions\redhat.java-1.54.0-win32-x64\jre\21.0.10-win32-x86_64\bin\nio.dll
Event: 0.880 Loaded shared library C:\Users\12262\.vscode\extensions\redhat.java-1.54.0-win32-x64\jre\21.0.10-win32-x86_64\bin\zip.dll
Event: 0.933 Loaded shared library C:\Users\12262\.vscode\extensions\redhat.java-1.54.0-win32-x64\jre\21.0.10-win32-x86_64\bin\jimage.dll
Event: 1.117 Loaded shared library c:\Users\12262\.vscode\extensions\redhat.java-1.54.0-win32-x64\jre\21.0.10-win32-x86_64\bin\verify.dll
Event: 4.522 Loaded shared library C:\Users\12262\AppData\Roaming\Code\User\globalStorage\redhat.java\1.54.0\config_win\org.eclipse.equinox.launcher\org.eclipse.equinox.launcher.win32.win32.x86_64_1.3.0.v20260203-2149\eclipse_11919.dll
Event: 10.673 Loaded shared library C:\Users\12262\AppData\Local\Temp\jna-46791853\jna10670202949612091980.dll
Event: 1932.504 Loaded shared library C:\Users\12262\.vscode\extensions\redhat.java-1.54.0-win32-x64\jre\21.0.10-win32-x86_64\bin\sunmscapi.dll
Event: 1932.957 Loaded shared library C:\Users\12262\.vscode\extensions\redhat.java-1.54.0-win32-x64\jre\21.0.10-win32-x86_64\bin\extnet.dll

Deoptimization events (20 events):
Event: 4888.104 Thread 0x000001a56d2c5610 DEOPT PACKING pc=0x000001a50f4d6cb4 sp=0x0000009cf0ffe4f0
Event: 4888.104 Thread 0x000001a56d2c5610 DEOPT UNPACKING pc=0x000001a50c9d3aa2 sp=0x0000009cf0ffe478 mode 2
Event: 4888.514 Thread 0x000001a5606ce240 Uncommon trap: trap_request=0xffffffcc fr.pc=0x000001a50d5fc2d4 relative=0x0000000000000f94
Event: 4888.514 Thread 0x000001a5606ce240 Uncommon trap: reason=intrinsic_or_type_checked_inlining action=make_not_entrant pc=0x000001a50d5fc2d4 method=org.eclipse.jdt.internal.compiler.parser.Parser.parse(Lorg/eclipse/jdt/internal/compiler/ast/ConstructorDeclaration;Lorg/eclipse/jdt/internal/com
Event: 4888.514 Thread 0x000001a5606ce240 DEOPT PACKING pc=0x000001a50d5fc2d4 sp=0x0000009cf32fe4b0
Event: 4888.515 Thread 0x000001a5606ce240 DEOPT UNPACKING pc=0x000001a50c9d3aa2 sp=0x0000009cf32fe460 mode 2
Event: 4895.257 Thread 0x000001a56d2c8a90 Uncommon trap: trap_request=0xffffffd6 fr.pc=0x000001a50ef42e58 relative=0x0000000000002ed8
Event: 4895.257 Thread 0x000001a56d2c8a90 Uncommon trap: reason=array_check action=maybe_recompile pc=0x000001a50ef42e58 method=org.eclipse.jdt.internal.core.util.BootstrapMethodsAttribute.<init>([BLorg/eclipse/jdt/core/util/IConstantPool;I)V @ 71 c2
Event: 4895.257 Thread 0x000001a56d2c8a90 DEOPT PACKING pc=0x000001a50ef42e58 sp=0x0000009cf11fe660
Event: 4895.258 Thread 0x000001a56d2c8a90 DEOPT UNPACKING pc=0x000001a50c9d3aa2 sp=0x0000009cf11fe5e0 mode 2
Event: 4895.318 Thread 0x000001a56d2c8a90 Uncommon trap: trap_request=0xffffffd6 fr.pc=0x000001a50ef42e58 relative=0x0000000000002ed8
Event: 4895.318 Thread 0x000001a56d2c8a90 Uncommon trap: reason=array_check action=maybe_recompile pc=0x000001a50ef42e58 method=org.eclipse.jdt.internal.core.util.BootstrapMethodsAttribute.<init>([BLorg/eclipse/jdt/core/util/IConstantPool;I)V @ 71 c2
Event: 4895.318 Thread 0x000001a56d2c8a90 DEOPT PACKING pc=0x000001a50ef42e58 sp=0x0000009cf11fe660
Event: 4895.318 Thread 0x000001a56d2c8a90 DEOPT UNPACKING pc=0x000001a50c9d3aa2 sp=0x0000009cf11fe5e0 mode 2
Event: 4895.326 Thread 0x000001a56d2c8a90 Uncommon trap: trap_request=0xffffffd6 fr.pc=0x000001a50ef42e58 relative=0x0000000000002ed8
Event: 4895.326 Thread 0x000001a56d2c8a90 Uncommon trap: reason=array_check action=maybe_recompile pc=0x000001a50ef42e58 method=org.eclipse.jdt.internal.core.util.BootstrapMethodsAttribute.<init>([BLorg/eclipse/jdt/core/util/IConstantPool;I)V @ 71 c2
Event: 4895.326 Thread 0x000001a56d2c8a90 DEOPT PACKING pc=0x000001a50ef42e58 sp=0x0000009cf11fe660
Event: 4895.326 Thread 0x000001a56d2c8a90 DEOPT UNPACKING pc=0x000001a50c9d3aa2 sp=0x0000009cf11fe5e0 mode 2
Event: 4903.775 Thread 0x000001a55b6bfa20 DEOPT PACKING pc=0x000001a5056ba732 sp=0x0000009cf10fec80
Event: 4903.775 Thread 0x000001a55b6bfa20 DEOPT UNPACKING pc=0x000001a50c9d4242 sp=0x0000009cf10fe190 mode 0

Classes loaded (20 events):
Event: 2595.285 Loading class java/util/concurrent/CompletableFuture$UniHandle
Event: 2595.285 Loading class java/util/concurrent/CompletableFuture$UniHandle done
Event: 2760.888 Loading class java/util/stream/Nodes$CollectorTask$OfRef
Event: 2760.889 Loading class java/util/stream/Nodes$CollectorTask
Event: 2760.889 Loading class java/util/stream/Nodes$CollectorTask done
Event: 2760.889 Loading class java/util/stream/Nodes$CollectorTask$OfRef done
Event: 2760.892 Loading class java/util/function/LongFunction
Event: 2760.892 Loading class java/util/function/LongFunction done
Event: 2760.892 Loading class java/util/stream/Nodes$ConcNode
Event: 2760.892 Loading class java/util/stream/Nodes$AbstractConcNode
Event: 2760.892 Loading class java/util/stream/Nodes$AbstractConcNode done
Event: 2760.893 Loading class java/util/stream/Nodes$ConcNode done
Event: 2760.896 Loading class java/io/ObjectOutputStream$BlockDataOutputStream
Event: 2760.897 Loading class java/io/ObjectOutputStream$BlockDataOutputStream done
Event: 2760.897 Loading class java/io/ObjectOutputStream$HandleTable
Event: 2760.897 Loading class java/io/ObjectOutputStream$HandleTable done
Event: 2760.897 Loading class java/io/ObjectOutputStream$ReplaceTable
Event: 2760.897 Loading class java/io/ObjectOutputStream$ReplaceTable done
Event: 3111.903 Loading class java/util/ArrayDeque$DeqSpliterator
Event: 3111.904 Loading class java/util/ArrayDeque$DeqSpliterator done

Classes unloaded (20 events):
Event: 3182.281 Thread 0x000001a518ca1c60 Unloading class 0x000001a51a9c9400 'java/lang/invoke/LambdaForm$MH+0x000001a51a9c9400'
Event: 3182.281 Thread 0x000001a518ca1c60 Unloading class 0x000001a51a7c7400 'java/lang/invoke/LambdaForm$MH+0x000001a51a7c7400'
Event: 3182.281 Thread 0x000001a518ca1c60 Unloading class 0x000001a51a68d000 'java/lang/invoke/LambdaForm$MH+0x000001a51a68d000'
Event: 3182.281 Thread 0x000001a518ca1c60 Unloading class 0x000001a51a68c800 'java/lang/invoke/LambdaForm$MH+0x000001a51a68c800'
Event: 3182.281 Thread 0x000001a518ca1c60 Unloading class 0x000001a51a302400 'java/lang/invoke/LambdaForm$MH+0x000001a51a302400'
Event: 3182.281 Thread 0x000001a518ca1c60 Unloading class 0x000001a51a230000 'java/lang/invoke/LambdaForm$MH+0x000001a51a230000'
Event: 3959.760 Thread 0x000001a518ca1c60 Unloading class 0x000001a51a915400 'java/lang/invoke/LambdaForm$MH+0x000001a51a915400'
Event: 3959.761 Thread 0x000001a518ca1c60 Unloading class 0x000001a51a915000 'java/lang/invoke/LambdaForm$MH+0x000001a51a915000'
Event: 3959.761 Thread 0x000001a518ca1c60 Unloading class 0x000001a51a914800 'java/lang/invoke/LambdaForm$MH+0x000001a51a914800'
Event: 3959.761 Thread 0x000001a518ca1c60 Unloading class 0x000001a51a914400 'java/lang/invoke/LambdaForm$MH+0x000001a51a914400'
Event: 3959.761 Thread 0x000001a518ca1c60 Unloading class 0x000001a51a914000 'java/lang/invoke/LambdaForm$MH+0x000001a51a914000'
Event: 3959.761 Thread 0x000001a518ca1c60 Unloading class 0x000001a51a861000 'java/lang/invoke/LambdaForm$MH+0x000001a51a861000'
Event: 3959.761 Thread 0x000001a518ca1c60 Unloading class 0x000001a51a860c00 'java/lang/invoke/LambdaForm$MH+0x000001a51a860c00'
Event: 3959.761 Thread 0x000001a518ca1c60 Unloading class 0x000001a51a860800 'java/lang/invoke/LambdaForm$MH+0x000001a51a860800'
Event: 3959.761 Thread 0x000001a518ca1c60 Unloading class 0x000001a51a082400 'java/lang/invoke/LambdaForm$MH+0x000001a51a082400'
Event: 3959.761 Thread 0x000001a518ca1c60 Unloading class 0x000001a51a081400 'java/lang/invoke/LambdaForm$MH+0x000001a51a081400'
Event: 3959.761 Thread 0x000001a518ca1c60 Unloading class 0x000001a51a019400 'java/lang/invoke/LambdaForm$MH+0x000001a51a019400'
Event: 3959.761 Thread 0x000001a518ca1c60 Unloading class 0x000001a51a018400 'java/lang/invoke/LambdaForm$MH+0x000001a51a018400'
Event: 3959.761 Thread 0x000001a518ca1c60 Unloading class 0x000001a51a018000 'java/lang/invoke/LambdaForm$MH+0x000001a51a018000'
Event: 3959.761 Thread 0x000001a518ca1c60 Unloading class 0x000001a51a017400 'java/lang/invoke/LambdaForm$MH+0x000001a51a017400'

Classes redefined (0 events):
No events

Internal exceptions (20 events):
Event: 4698.533 Thread 0x000001a560899670 Exception <a 'sun/nio/fs/WindowsException'{0x00000000d5e294a8}> (0x00000000d5e294a8) 
thrown [s\src\hotspot\share\prims\jni.cpp, line 520]
Event: 4699.033 Thread 0x000001a560899670 Exception <a 'sun/nio/fs/WindowsException'{0x00000000d5d55f68}> (0x00000000d5d55f68) 
thrown [s\src\hotspot\share\prims\jni.cpp, line 520]
Event: 4699.273 Thread 0x000001a55b6bfa20 Exception <a 'sun/nio/fs/WindowsException'{0x00000000d5856020}> (0x00000000d5856020) 
thrown [s\src\hotspot\share\prims\jni.cpp, line 520]
Event: 4699.274 Thread 0x000001a55b6bfa20 Exception <a 'sun/nio/fs/WindowsException'{0x00000000d5856738}> (0x00000000d5856738) 
thrown [s\src\hotspot\share\prims\jni.cpp, line 520]
Event: 4699.276 Thread 0x000001a55b6bfa20 Exception <a 'sun/nio/fs/WindowsException'{0x00000000d58578c0}> (0x00000000d58578c0) 
thrown [s\src\hotspot\share\prims\jni.cpp, line 520]
Event: 4699.276 Thread 0x000001a55b6bfa20 Exception <a 'sun/nio/fs/WindowsException'{0x00000000d5858288}> (0x00000000d5858288) 
thrown [s\src\hotspot\share\prims\jni.cpp, line 520]
Event: 4699.278 Thread 0x000001a55b6bfa20 Exception <a 'sun/nio/fs/WindowsException'{0x00000000d585a008}> (0x00000000d585a008) 
thrown [s\src\hotspot\share\prims\jni.cpp, line 520]
Event: 4699.279 Thread 0x000001a55b6bfa20 Exception <a 'sun/nio/fs/WindowsException'{0x00000000d585a720}> (0x00000000d585a720) 
thrown [s\src\hotspot\share\prims\jni.cpp, line 520]
Event: 4699.279 Thread 0x000001a55b6bfa20 Exception <a 'sun/nio/fs/WindowsException'{0x00000000d585b858}> (0x00000000d585b858) 
thrown [s\src\hotspot\share\prims\jni.cpp, line 520]
Event: 4699.279 Thread 0x000001a55b6bfa20 Exception <a 'sun/nio/fs/WindowsException'{0x00000000d585bf70}> (0x00000000d585bf70) 
thrown [s\src\hotspot\share\prims\jni.cpp, line 520]
Event: 4751.578 Thread 0x000001a55b6bed00 Exception <a 'sun/nio/fs/WindowsException'{0x00000000d5cad6d0}> (0x00000000d5cad6d0) 
thrown [s\src\hotspot\share\prims\jni.cpp, line 520]
Event: 4751.579 Thread 0x000001a55b6bed00 Exception <a 'sun/nio/fs/WindowsException'{0x00000000d5cadde8}> (0x00000000d5cadde8) 
thrown [s\src\hotspot\share\prims\jni.cpp, line 520]
Event: 4751.579 Thread 0x000001a55b6bed00 Exception <a 'sun/nio/fs/WindowsException'{0x00000000d5caecf8}> (0x00000000d5caecf8) 
thrown [s\src\hotspot\share\prims\jni.cpp, line 520]
Event: 4751.579 Thread 0x000001a55b6bed00 Exception <a 'sun/nio/fs/WindowsException'{0x00000000d5caf6c0}> (0x00000000d5caf6c0) 
thrown [s\src\hotspot\share\prims\jni.cpp, line 520]
Event: 4751.579 Thread 0x000001a55b6bed00 Exception <a 'sun/nio/fs/WindowsException'{0x00000000d5cb0f68}> (0x00000000d5cb0f68) 
thrown [s\src\hotspot\share\prims\jni.cpp, line 520]
Event: 4751.580 Thread 0x000001a55b6bed00 Exception <a 'sun/nio/fs/WindowsException'{0x00000000d5cb1680}> (0x00000000d5cb1680) 
thrown [s\src\hotspot\share\prims\jni.cpp, line 520]
Event: 4751.580 Thread 0x000001a55b6bed00 Exception <a 'sun/nio/fs/WindowsException'{0x00000000d5cb2568}> (0x00000000d5cb2568) 
thrown [s\src\hotspot\share\prims\jni.cpp, line 520]
Event: 4751.580 Thread 0x000001a55b6bed00 Exception <a 'sun/nio/fs/WindowsException'{0x00000000d5cb2c80}> (0x00000000d5cb2c80) 
thrown [s\src\hotspot\share\prims\jni.cpp, line 520]
Event: 5477.165 Thread 0x000001a560899670 Exception <a 'sun/nio/fs/WindowsException'{0x00000000d5da7948}> (0x00000000d5da7948) 
thrown [s\src\hotspot\share\prims\jni.cpp, line 520]
Event: 5477.279 Thread 0x000001a560899670 Exception <a 'sun/nio/fs/WindowsException'{0x00000000d57c8c40}> (0x00000000d57c8c40) 
thrown [s\src\hotspot\share\prims\jni.cpp, line 520]

ZGC Phase Switch (0 events):
No events

VM Operations (20 events):
Event: 5477.523 Executing safepoint VM operation: ParallelGCFailedAllocation (Allocation Failure)
Event: 5477.531 Executing safepoint VM operation: ParallelGCFailedAllocation (Allocation Failure) done
Event: 5477.574 Executing safepoint VM operation: ParallelGCFailedAllocation (Allocation Failure)
Event: 5477.578 Executing safepoint VM operation: ParallelGCFailedAllocation (Allocation Failure) done
Event: 5479.511 Executing safepoint VM operation: ParallelGCFailedAllocation (Allocation Failure)
Event: 5479.520 Executing safepoint VM operation: ParallelGCFailedAllocation (Allocation Failure) done
Event: 5479.575 Executing safepoint VM operation: ParallelGCFailedAllocation (Allocation Failure)
Event: 5479.580 Executing safepoint VM operation: ParallelGCFailedAllocation (Allocation Failure) done
Event: 5479.606 Executing safepoint VM operation: ParallelGCFailedAllocation (Allocation Failure)
Event: 5479.612 Executing safepoint VM operation: ParallelGCFailedAllocation (Allocation Failure) done
Event: 5480.279 Executing safepoint VM operation: ParallelGCFailedAllocation (Allocation Failure)
Event: 5480.289 Executing safepoint VM operation: ParallelGCFailedAllocation (Allocation Failure) done
Event: 5480.315 Executing safepoint VM operation: ParallelGCFailedAllocation (Allocation Failure)
Event: 5480.321 Executing safepoint VM operation: ParallelGCFailedAllocation (Allocation Failure) done
Event: 5480.371 Executing safepoint VM operation: ParallelGCFailedAllocation (Allocation Failure)
Event: 5480.375 Executing safepoint VM operation: ParallelGCFailedAllocation (Allocation Failure) done
Event: 5532.103 Executing non-safepoint VM operation: HandshakeAllThreads (HandshakeForDeflation)
Event: 5532.113 Executing non-safepoint VM operation: HandshakeAllThreads (HandshakeForDeflation) done
Event: 5532.113 Executing non-safepoint VM operation: RendezvousGCThreads
Event: 5532.113 Executing non-safepoint VM operation: RendezvousGCThreads done

Memory protections (0 events):
No events

Nmethod flushes (20 events):
Event: 3960.033 Thread 0x000001a518ca1c60 flushing  nmethod 0x000001a5083d7390
Event: 3960.033 Thread 0x000001a518ca1c60 flushing  nmethod 0x000001a5083d9990
Event: 3960.033 Thread 0x000001a518ca1c60 flushing  nmethod 0x000001a5083e8b10
Event: 3960.033 Thread 0x000001a518ca1c60 flushing  nmethod 0x000001a5083e9310
Event: 3960.033 Thread 0x000001a518ca1c60 flushing  nmethod 0x000001a5083ee610
Event: 3960.033 Thread 0x000001a518ca1c60 flushing  nmethod 0x000001a5083f0690
Event: 3960.033 Thread 0x000001a518ca1c60 flushing  nmethod 0x000001a5083f3290
Event: 3960.033 Thread 0x000001a518ca1c60 flushing  nmethod 0x000001a5083f3790
Event: 3960.033 Thread 0x000001a518ca1c60 flushing  nmethod 0x000001a50840d510
Event: 3960.033 Thread 0x000001a518ca1c60 flushing  nmethod 0x000001a50840e710
Event: 3960.033 Thread 0x000001a518ca1c60 flushing  nmethod 0x000001a508419010
Event: 3960.033 Thread 0x000001a518ca1c60 flushing  nmethod 0x000001a508419410
Event: 3960.033 Thread 0x000001a518ca1c60 flushing  nmethod 0x000001a5084a0b90
Event: 3960.033 Thread 0x000001a518ca1c60 flushing  nmethod 0x000001a5084acb10
Event: 3960.033 Thread 0x000001a518ca1c60 flushing  nmethod 0x000001a5084acf10
Event: 3960.033 Thread 0x000001a518ca1c60 flushing  nmethod 0x000001a5084b4a10
Event: 3960.033 Thread 0x000001a518ca1c60 flushing  nmethod 0x000001a5084d7890
Event: 3960.033 Thread 0x000001a518ca1c60 flushing  nmethod 0x000001a5084d8490
Event: 3960.033 Thread 0x000001a518ca1c60 flushing  nmethod 0x000001a5084de310
Event: 3960.033 Thread 0x000001a518ca1c60 flushing  nmethod 0x000001a5084ebb10

Events (20 events):
Event: 4871.055 Thread 0x000001a56d2c97b0 Thread exited: 0x000001a56d2c97b0
Event: 4886.068 Thread 0x000001a56d2c7050 Thread added: 0x000001a56d2c5610
Event: 4895.164 Thread 0x000001a5622819f0 Thread added: 0x000001a56d2c8a90
Event: 4965.586 Thread 0x000001a56d2c8a90 Thread exited: 0x000001a56d2c8a90
Event: 4966.151 Thread 0x000001a56d2c5610 Thread exited: 0x000001a56d2c5610
Event: 4970.840 Thread 0x000001a55b6bfa20 Thread exited: 0x000001a55b6bfa20
Event: 4999.042 Thread 0x000001a5606ca730 Thread exited: 0x000001a5606ca730
Event: 5030.839 Thread 0x000001a55b6bed00 Thread exited: 0x000001a55b6bed00
Event: 5090.866 Thread 0x000001a560897c30 Thread exited: 0x000001a560897c30
Event: 5176.465 Thread 0x000001a5622819f0 Thread added: 0x000001a56d2c4260
Event: 5236.495 Thread 0x000001a56d2c4260 Thread exited: 0x000001a56d2c4260
Event: 5473.832 Thread 0x000001a5622819f0 Thread added: 0x000001a56d2c8a90
Event: 5477.367 Thread 0x000001a56d2c7050 Thread added: 0x000001a56d2c97b0
Event: 5477.409 Thread 0x000001a56d2c7050 Thread added: 0x000001a56d2c4260
Event: 5477.484 Thread 0x000001a56d2c7050 Thread added: 0x000001a56d2c5610
Event: 5477.485 Thread 0x000001a56d2c7050 Thread added: 0x000001a56d2ca4d0
Event: 5479.478 Thread 0x000001a56d2c8a90 Thread added: 0x000001a56d2cab60
Event: 5537.554 Thread 0x000001a56d2c4260 Thread exited: 0x000001a56d2c4260
Event: 5540.400 Thread 0x000001a56d2c8a90 Thread exited: 0x000001a56d2c8a90
Event: 5600.396 Thread 0x000001a56d2cab60 Thread exited: 0x000001a56d2cab60


Dynamic libraries:
0x00007ff634720000 - 0x00007ff63472e000 	c:\Users\12262\.vscode\extensions\redhat.java-1.54.0-win32-x64\jre\21.0.10-win32-x86_64\bin\java.exe
0x00007ffc11190000 - 0x00007ffc11388000 	C:\WINDOWS\SYSTEM32\ntdll.dll
0x00007ffbf6b40000 - 0x00007ffbf6b61000 	C:\Program Files\Avast Software\Avast\aswhook.dll
0x00007ffc0f600000 - 0x00007ffc0f6c2000 	C:\WINDOWS\System32\KERNEL32.DLL
0x00007ffc0eba0000 - 0x00007ffc0ee96000 	C:\WINDOWS\System32\KERNELBASE.dll
0x00007ffc0eed0000 - 0x00007ffc0efd0000 	C:\WINDOWS\System32\ucrtbase.dll
0x00007ffbcf920000 - 0x00007ffbcf938000 	c:\Users\12262\.vscode\extensions\redhat.java-1.54.0-win32-x64\jre\21.0.10-win32-x86_64\bin\jli.dll
0x00007ffbcf900000 - 0x00007ffbcf91e000 	c:\Users\12262\.vscode\extensions\redhat.java-1.54.0-win32-x64\jre\21.0.10-win32-x86_64\bin\VCRUNTIME140.dll
0x00007ffc10690000 - 0x00007ffc10831000 	C:\WINDOWS\System32\USER32.dll
0x00007ffbea110000 - 0x00007ffbea3ab000 	C:\WINDOWS\WinSxS\amd64_microsoft.windows.common-controls_6595b64144ccf1df_6.0.19041.6456_none_60b8a6cb71f64256\COMCTL32.dll
0x00007ffc0f0f0000 - 0x00007ffc0f112000 	C:\WINDOWS\System32\win32u.dll
0x00007ffc10420000 - 0x00007ffc104be000 	C:\WINDOWS\System32\msvcrt.dll
0x00007ffc10660000 - 0x00007ffc1068b000 	C:\WINDOWS\System32\GDI32.dll
0x00007ffc0efd0000 - 0x00007ffc0f0e9000 	C:\WINDOWS\System32\gdi32full.dll
0x00007ffc0e9a0000 - 0x00007ffc0ea3d000 	C:\WINDOWS\System32\msvcp_win.dll
0x00007ffc11110000 - 0x00007ffc1113f000 	C:\WINDOWS\System32\IMM32.DLL
0x00007ffbf2fd0000 - 0x00007ffbf2fdc000 	c:\Users\12262\.vscode\extensions\redhat.java-1.54.0-win32-x64\jre\21.0.10-win32-x86_64\bin\vcruntime140_1.dll
0x00007ffbcb7d0000 - 0x00007ffbcb85d000 	c:\Users\12262\.vscode\extensions\redhat.java-1.54.0-win32-x64\jre\21.0.10-win32-x86_64\bin\msvcp140.dll
0x00007ffb716d0000 - 0x00007ffb72471000 	c:\Users\12262\.vscode\extensions\redhat.java-1.54.0-win32-x64\jre\21.0.10-win32-x86_64\bin\server\jvm.dll
0x00007ffc0fce0000 - 0x00007ffc0fd91000 	C:\WINDOWS\System32\ADVAPI32.dll
0x00007ffc0f6d0000 - 0x00007ffc0f76f000 	C:\WINDOWS\System32\sechost.dll
0x00007ffc0fe90000 - 0x00007ffc0ffb0000 	C:\WINDOWS\System32\RPCRT4.dll
0x00007ffc0eea0000 - 0x00007ffc0eec7000 	C:\WINDOWS\System32\bcrypt.dll
0x00007ffc10840000 - 0x00007ffc108ab000 	C:\WINDOWS\System32\WS2_32.dll
0x00007ffc0dd60000 - 0x00007ffc0ddab000 	C:\WINDOWS\SYSTEM32\POWRPROF.dll
0x00007ffbea5e0000 - 0x00007ffbea607000 	C:\WINDOWS\SYSTEM32\WINMM.dll
0x00007ffc05520000 - 0x00007ffc0552a000 	C:\WINDOWS\SYSTEM32\VERSION.dll
0x00007ffc0dc20000 - 0x00007ffc0dc32000 	C:\WINDOWS\SYSTEM32\UMPDC.dll
0x00007ffc0d030000 - 0x00007ffc0d042000 	C:\WINDOWS\SYSTEM32\kernel.appcore.dll
0x00007ffbe4920000 - 0x00007ffbe492a000 	c:\Users\12262\.vscode\extensions\redhat.java-1.54.0-win32-x64\jre\21.0.10-win32-x86_64\bin\jimage.dll
0x00007ffc002b0000 - 0x00007ffc004b1000 	C:\WINDOWS\SYSTEM32\DBGHELP.DLL
0x00007ffbfff50000 - 0x00007ffbfff84000 	C:\WINDOWS\SYSTEM32\dbgcore.DLL
0x00007ffc0f120000 - 0x00007ffc0f1a2000 	C:\WINDOWS\System32\bcryptPrimitives.dll
0x00007ffbe43b0000 - 0x00007ffbe43bf000 	c:\Users\12262\.vscode\extensions\redhat.java-1.54.0-win32-x64\jre\21.0.10-win32-x86_64\bin\instrument.dll
0x00007ffbcf830000 - 0x00007ffbcf850000 	c:\Users\12262\.vscode\extensions\redhat.java-1.54.0-win32-x64\jre\21.0.10-win32-x86_64\bin\java.dll
0x00007ffc108b0000 - 0x00007ffc11020000 	C:\WINDOWS\System32\SHELL32.dll
0x00007ffc0c870000 - 0x00007ffc0d015000 	C:\WINDOWS\SYSTEM32\windows.storage.dll
0x00007ffc0f1b0000 - 0x00007ffc0f504000 	C:\WINDOWS\System32\combase.dll
0x00007ffc0e250000 - 0x00007ffc0e27b000 	C:\WINDOWS\SYSTEM32\Wldp.dll
0x00007ffc11020000 - 0x00007ffc110ed000 	C:\WINDOWS\System32\OLEAUT32.dll
0x00007ffc0fc30000 - 0x00007ffc0fcdd000 	C:\WINDOWS\System32\SHCORE.dll
0x00007ffc0f8a0000 - 0x00007ffc0f8fb000 	C:\WINDOWS\System32\shlwapi.dll
0x00007ffc0e750000 - 0x00007ffc0e774000 	C:\WINDOWS\SYSTEM32\profapi.dll
0x00007ffbcf740000 - 0x00007ffbcf758000 	c:\Users\12262\.vscode\extensions\redhat.java-1.54.0-win32-x64\jre\21.0.10-win32-x86_64\bin\zip.dll
0x00007ffbe3510000 - 0x00007ffbe3520000 	C:\Users\12262\.vscode\extensions\redhat.java-1.54.0-win32-x64\jre\21.0.10-win32-x86_64\bin\net.dll
0x00007ffc0a9d0000 - 0x00007ffc0aada000 	C:\WINDOWS\SYSTEM32\WINHTTP.dll
0x00007ffc0dfb0000 - 0x00007ffc0e01a000 	C:\WINDOWS\system32\mswsock.dll
0x00007ffbcf530000 - 0x00007ffbcf546000 	C:\Users\12262\.vscode\extensions\redhat.java-1.54.0-win32-x64\jre\21.0.10-win32-x86_64\bin\nio.dll
0x00007ffbe3430000 - 0x00007ffbe3440000 	c:\Users\12262\.vscode\extensions\redhat.java-1.54.0-win32-x64\jre\21.0.10-win32-x86_64\bin\verify.dll
0x00007ffbcc2e0000 - 0x00007ffbcc325000 	C:\Users\12262\AppData\Roaming\Code\User\globalStorage\redhat.java\1.54.0\config_win\org.eclipse.equinox.launcher\org.eclipse.equinox.launcher.win32.win32.x86_64_1.3.0.v20260203-2149\eclipse_11919.dll
0x00007ffc0f770000 - 0x00007ffc0f89b000 	C:\WINDOWS\System32\ole32.dll
0x00007ffc0e1b0000 - 0x00007ffc0e1c8000 	C:\WINDOWS\SYSTEM32\CRYPTSP.dll
0x00007ffc0d860000 - 0x00007ffc0d898000 	C:\WINDOWS\system32\rsaenh.dll
0x00007ffc0e6d0000 - 0x00007ffc0e6fe000 	C:\WINDOWS\SYSTEM32\USERENV.dll
0x00007ffc0e1a0000 - 0x00007ffc0e1ac000 	C:\WINDOWS\SYSTEM32\CRYPTBASE.dll
0x00007ffc0dc40000 - 0x00007ffc0dc7b000 	C:\WINDOWS\SYSTEM32\IPHLPAPI.DLL
0x00007ffc11140000 - 0x00007ffc11148000 	C:\WINDOWS\System32\NSI.dll
0x00007ffbca8f0000 - 0x00007ffbca939000 	C:\Users\12262\AppData\Local\Temp\jna-46791853\jna10670202949612091980.dll
0x00007ffc105a0000 - 0x00007ffc105a8000 	C:\WINDOWS\System32\PSAPI.DLL
0x00007ffc051f0000 - 0x00007ffc05207000 	C:\WINDOWS\SYSTEM32\dhcpcsvc6.DLL
0x00007ffc05820000 - 0x00007ffc0583d000 	C:\WINDOWS\SYSTEM32\dhcpcsvc.DLL
0x00007ffc08b00000 - 0x00007ffc08b0e000 	C:\Users\12262\.vscode\extensions\redhat.java-1.54.0-win32-x64\jre\21.0.10-win32-x86_64\bin\sunmscapi.dll
0x00007ffc0ea40000 - 0x00007ffc0eb9d000 	C:\WINDOWS\System32\CRYPT32.dll
0x00007ffc0e2c0000 - 0x00007ffc0e2e7000 	C:\WINDOWS\SYSTEM32\ncrypt.dll
0x00007ffc0e280000 - 0x00007ffc0e2bb000 	C:\WINDOWS\SYSTEM32\NTASN1.dll
0x00007ffc0dc90000 - 0x00007ffc0dd5a000 	C:\WINDOWS\SYSTEM32\DNSAPI.dll
0x00007ffc06320000 - 0x00007ffc0632a000 	C:\Windows\System32\rasadhlp.dll
0x00007ffc004c0000 - 0x00007ffc00540000 	C:\WINDOWS\System32\fwpuclnt.dll
0x00007ffc08ac0000 - 0x00007ffc08ac9000 	C:\Users\12262\.vscode\extensions\redhat.java-1.54.0-win32-x64\jre\21.0.10-win32-x86_64\bin\extnet.dll

JVMTI agents:
c:\Users\12262\.vscode\extensions\redhat.java-1.54.0-win32-x64\lombok\lombok-1.18.39-4050.jar path:c:\Users\12262\.vscode\extensions\redhat.java-1.54.0-win32-x64\jre\21.0.10-win32-x86_64\bin\instrument.dll, loaded, initialized, instrumentlib options:none

dbghelp: loaded successfully - version: 4.0.5 - missing functions: none
symbol engine: initialized successfully - sym options: 0x614 - pdb path: .;c:\Users\12262\.vscode\extensions\redhat.java-1.54.0-win32-x64\jre\21.0.10-win32-x86_64\bin;C:\WINDOWS\SYSTEM32;C:\Program Files\Avast Software\Avast;C:\WINDOWS\WinSxS\amd64_microsoft.windows.common-controls_6595b64144ccf1df_6.0.19041.6456_none_60b8a6cb71f64256;c:\Users\12262\.vscode\extensions\redhat.java-1.54.0-win32-x64\jre\21.0.10-win32-x86_64\bin\server;C:\Users\12262\AppData\Roaming\Code\User\globalStorage\redhat.java\1.54.0\config_win\org.eclipse.equinox.launcher\org.eclipse.equinox.launcher.win32.win32.x86_64_1.3.0.v20260203-2149;C:\Users\12262\AppData\Local\Temp\jna-46791853

VM Arguments:
jvm_args: --add-modules=ALL-SYSTEM --add-opens=java.base/java.util=ALL-UNNAMED --add-opens=java.base/java.lang=ALL-UNNAMED --add-opens=java.base/sun.nio.fs=ALL-UNNAMED -Declipse.application=org.eclipse.jdt.ls.core.id1 -Dosgi.bundles.defaultStartLevel=4 -Declipse.product=org.eclipse.jdt.ls.core.product -Djava.import.generatesMetadataFilesAtProjectRoot=false -DDetectVMInstallationsJob.disabled=true -Dfile.encoding=utf8 -XX:+UseParallelGC -XX:GCTimeRatio=4 -XX:AdaptiveSizePolicyWeight=90 -Dsun.zip.disableMemoryMapping=true -Xmx2G -Xms100m -Xlog:disable -javaagent:c:\Users\12262\.vscode\extensions\redhat.java-1.54.0-win32-x64\lombok\lombok-1.18.39-4050.jar -XX:+HeapDumpOnOutOfMemoryError -XX:HeapDumpPath=c:\Users\12262\AppData\Roaming\Code\User\workspaceStorage\6e5c0734ebc20c5e448ab4540cd20306\redhat.java -Daether.dependencyCollector.impl=bf 
java_command: c:\Users\12262\.vscode\extensions\redhat.java-1.54.0-win32-x64\server\plugins\org.eclipse.equinox.launcher_1.7.100.v20251111-0406.jar -configuration c:\Users\12262\AppData\Roaming\Code\User\globalStorage\redhat.java\1.54.0\config_win -data c:\Users\12262\AppData\Roaming\Code\User\workspaceStorage\6e5c0734ebc20c5e448ab4540cd20306\redhat.java\jdt_ws --pipe=\\.\pipe\lsp-3eb56429ad8b71fbf61adf02de2e292d-sock
java_class_path (initial): c:\Users\12262\.vscode\extensions\redhat.java-1.54.0-win32-x64\server\plugins\org.eclipse.equinox.launcher_1.7.100.v20251111-0406.jar
Launcher Type: SUN_STANDARD

[Global flags]
    uintx AdaptiveSizePolicyWeight                 = 90                                        {product} {command line}
     intx CICompilerCount                          = 4                                         {product} {ergonomic}
    uintx GCTimeRatio                              = 4                                         {product} {command line}
     bool HeapDumpOnOutOfMemoryError               = true                                   {manageable} {command line}
    ccstr HeapDumpPath                             = c:\Users\12262\AppData\Roaming\Code\User\workspaceStorage\6e5c0734ebc20c5e448ab4540cd20306\redhat.java         {manageable} {command line}
   size_t InitialHeapSize                          = 104857600                                 {product} {command line}
   size_t MaxHeapSize                              = 2147483648                                {product} {command line}
   size_t MaxNewSize                               = 715653120                                 {product} {ergonomic}
   size_t MinHeapDeltaBytes                        = 524288                                    {product} {ergonomic}
   size_t MinHeapSize                              = 104857600                                 {product} {command line}
   size_t NewSize                                  = 34603008                                  {product} {ergonomic}
    uintx NonNMethodCodeHeapSize                   = 5839372                                {pd product} {ergonomic}
    uintx NonProfiledCodeHeapSize                  = 122909434                              {pd product} {ergonomic}
   size_t OldSize                                  = 70254592                                  {product} {ergonomic}
    uintx ProfiledCodeHeapSize                     = 122909434                              {pd product} {ergonomic}
    uintx ReservedCodeCacheSize                    = 251658240                              {pd product} {ergonomic}
     bool SegmentedCodeCache                       = true                                      {product} {ergonomic}
   size_t SoftMaxHeapSize                          = 2147483648                             {manageable} {ergonomic}
     bool UseCompressedOops                        = true                           {product lp64_product} {ergonomic}
     bool UseLargePagesIndividualAllocation        = false                                  {pd product} {ergonomic}
     bool UseParallelGC                            = true                                      {product} {command line}

Logging:
Log output configuration:
 #0: stdout all=off uptime,level,tags foldmultilines=false
 #1: stderr all=off uptime,level,tags foldmultilines=false

Release file:
JAVA_VERSION="21.0.10" 
MODULES="java.base java.compiler java.datatransfer java.xml java.prefs java.desktop java.instrument java.logging java.management java.security.sasl java.naming java.rmi java.management.rmi java.net.http java.scripting java.security.jgss java.transaction.xa java.sql java.sql.rowset java.xml.crypto java.se java.smartcardio jdk.accessibility jdk.internal.jvmstat jdk.attach jdk.charsets jdk.internal.opt jdk.zipfs jdk.compiler jdk.crypto.ec jdk.crypto.cryptoki jdk.crypto.mscapi jdk.dynalink jdk.internal.ed jdk.editpad jdk.hotspot.agent jdk.httpserver jdk.internal.le jdk.internal.vm.ci jdk.internal.vm.compiler jdk.internal.vm.compiler.management jdk.jartool jdk.javadoc jdk.jcmd jdk.management jdk.management.agent jdk.jconsole jdk.jdeps jdk.jdwp.agent jdk.jdi jdk.jfr jdk.jshell jdk.jsobject jdk.jstatd jdk.localedata jdk.management.jfr jdk.naming.dns jdk.naming.rmi jdk.net jdk.nio.mapmode jdk.random jdk.sctp jdk.security.auth jdk.security.jgss jdk.unsupported jdk.unsupported.desktop jdk.xml.dom" 

Environment Variables:
JAVA_HOME=C:\Program Files\Eclipse Adoptium\jdk-17.0.18.8-hotspot\
PATH=C:\Program Files\Eclipse Adoptium\jdk-17.0.18.8-hotspot\bin;C:\WINDOWS\system32;C:\WINDOWS;C:\WINDOWS\System32\Wbem;C:\WINDOWS\System32\WindowsPowerShell\v1.0\;C:\WINDOWS\System32\OpenSSH\;C:\Program Files\CMake\bin;C:\Git\Git\cmd;C:\Users\12262\AppData\Local\Programs\Python\Python312\Scripts\;C:\Users\12262\AppData\Local\Programs\Python\Python312\;C:\Users\12262\AppData\Local\Programs\Python\Launcher\;C:\Users\12262\AppData\Local\Microsoft\WindowsApps;C:\Users\12262\AppData\Local\GitHubDesktop\bin
USERNAME=12262
OS=Windows_NT
PROCESSOR_IDENTIFIER=Intel64 Family 6 Model 142 Stepping 12, GenuineIntel
TMP=C:\Users\12262\AppData\Local\Temp
TEMP=C:\Users\12262\AppData\Local\Temp




Periodic native trim disabled

---------------  S Y S T E M  ---------------

OS:
 Windows 10 , 64 bit Build 19041 (10.0.19041.5915)
OS uptime: 0 days 10:57 hours

CPU: total 8 (initial active 8) (4 cores per cpu, 2 threads per core) family 6 model 142 stepping 12 microcode 0xf4, cx8, cmov, fxsr, ht, mmx, 3dnowpref, sse, sse2, sse3, ssse3, sse4.1, sse4.2, popcnt, lzcnt, tsc, tscinvbit, avx, avx2, aes, erms, clmul, bmi1, bmi2, adx, fma, vzeroupper, clflush, clflushopt, rdtscp, f16c
Processor Information for the first 8 processors :
  Max Mhz: 2304, Current Mhz: 1803, Mhz Limit: 1797

Memory: 4k page, system-wide physical 7792M (476M free)
TotalPageFile size 16598M (AvailPageFile size 93M)
current process WorkingSet (physical memory assigned to process): 231M, peak: 1172M
current process commit charge ("private bytes"): 1502M, peak: 1793M

vm_info: OpenJDK 64-Bit Server VM (21.0.10+7-LTS) for windows-amd64 JRE (21.0.10+7-LTS), built on 2026-01-20T00:00:00Z by "admin" with MS VC++ 17.12 (VS2022)

END.
